
Discarded input sections

 .data          0x0000000000000000        0x0 build/obj/crt0_v7m.o
 .bss           0x0000000000000000        0x0 build/obj/crt0_v7m.o
 .data          0x0000000000000000        0x0 build/obj/chcoreasm_v7m.o
 .bss           0x0000000000000000        0x0 build/obj/chcoreasm_v7m.o
 .text          0x0000000000000000        0x0 build/obj/crt1.o (symbol from plugin)
 .text          0x0000000000000000        0x0 /var/folders/7h/8jws_1jn39n3rjt_x7ymkxbm0000gn/T//ccucXJuZ.ltrans0.ltrans.o
 .data          0x0000000000000000        0x0 /var/folders/7h/8jws_1jn39n3rjt_x7ymkxbm0000gn/T//ccucXJuZ.ltrans0.ltrans.o
 .bss           0x0000000000000000        0x0 /var/folders/7h/8jws_1jn39n3rjt_x7ymkxbm0000gn/T//ccucXJuZ.ltrans0.ltrans.o
 .data.ADCPrescTable
                0x0000000000000000       0x20 /var/folders/7h/8jws_1jn39n3rjt_x7ymkxbm0000gn/T//ccucXJuZ.ltrans0.ltrans.o
 .data.APBAHBPrescTable
                0x0000000000000000       0x10 /var/folders/7h/8jws_1jn39n3rjt_x7ymkxbm0000gn/T//ccucXJuZ.ltrans0.ltrans.o
 .text          0x0000000000000000        0x0 /var/folders/7h/8jws_1jn39n3rjt_x7ymkxbm0000gn/T//ccucXJuZ.ltrans1.ltrans.o
 .data          0x0000000000000000        0x0 /var/folders/7h/8jws_1jn39n3rjt_x7ymkxbm0000gn/T//ccucXJuZ.ltrans1.ltrans.o
 .bss           0x0000000000000000        0x0 /var/folders/7h/8jws_1jn39n3rjt_x7ymkxbm0000gn/T//ccucXJuZ.ltrans1.ltrans.o
 .rodata.str1.4
                0x0000000000000000        0x5 /var/folders/7h/8jws_1jn39n3rjt_x7ymkxbm0000gn/T//ccucXJuZ.ltrans1.ltrans.o
 .text          0x0000000000000000        0x0 /var/folders/7h/8jws_1jn39n3rjt_x7ymkxbm0000gn/T//ccucXJuZ.ltrans2.ltrans.o
 .data          0x0000000000000000        0x0 /var/folders/7h/8jws_1jn39n3rjt_x7ymkxbm0000gn/T//ccucXJuZ.ltrans2.ltrans.o
 .bss           0x0000000000000000        0x0 /var/folders/7h/8jws_1jn39n3rjt_x7ymkxbm0000gn/T//ccucXJuZ.ltrans2.ltrans.o
 .text          0x0000000000000000        0x0 /var/folders/7h/8jws_1jn39n3rjt_x7ymkxbm0000gn/T//ccucXJuZ.ltrans3.ltrans.o
 .data          0x0000000000000000        0x0 /var/folders/7h/8jws_1jn39n3rjt_x7ymkxbm0000gn/T//ccucXJuZ.ltrans3.ltrans.o
 .bss           0x0000000000000000        0x0 /var/folders/7h/8jws_1jn39n3rjt_x7ymkxbm0000gn/T//ccucXJuZ.ltrans3.ltrans.o
 .text          0x0000000000000000        0x0 build/obj/vectors.o (symbol from plugin)
 .text          0x0000000000000000        0x0 build/obj/chsys.o (symbol from plugin)
 .text          0x0000000000000000        0x0 build/obj/chdebug.o (symbol from plugin)
 .text          0x0000000000000000        0x0 build/obj/chvt.o (symbol from plugin)
 .text          0x0000000000000000        0x0 build/obj/chschd.o (symbol from plugin)
 .text          0x0000000000000000        0x0 build/obj/chthreads.o (symbol from plugin)
 .text          0x0000000000000000        0x0 build/obj/chtm.o (symbol from plugin)
 .text          0x0000000000000000        0x0 build/obj/chdynamic.o (symbol from plugin)
 .text          0x0000000000000000        0x0 build/obj/chregistry.o (symbol from plugin)
 .text          0x0000000000000000        0x0 build/obj/chsem.o (symbol from plugin)
 .text          0x0000000000000000        0x0 build/obj/chmtx.o (symbol from plugin)
 .text          0x0000000000000000        0x0 build/obj/chcond.o (symbol from plugin)
 .text          0x0000000000000000        0x0 build/obj/chevents.o (symbol from plugin)
 .text          0x0000000000000000        0x0 build/obj/chmsg.o (symbol from plugin)
 .text          0x0000000000000000        0x0 build/obj/chmboxes.o (symbol from plugin)
 .text          0x0000000000000000        0x0 build/obj/chqueues.o (symbol from plugin)
 .text          0x0000000000000000        0x0 build/obj/chmemcore.o (symbol from plugin)
 .text          0x0000000000000000        0x0 build/obj/chheap.o (symbol from plugin)
 .text          0x0000000000000000        0x0 build/obj/chmempools.o (symbol from plugin)
 .text          0x0000000000000000        0x0 build/obj/chcore.o (symbol from plugin)
 .text          0x0000000000000000        0x0 build/obj/chcore_v7m.o (symbol from plugin)
 .text          0x0000000000000000        0x0 build/obj/osal.o (symbol from plugin)
 .text          0x0000000000000000        0x0 build/obj/hal.o (symbol from plugin)
 .text          0x0000000000000000        0x0 build/obj/st.o (symbol from plugin)
 .text          0x0000000000000000        0x0 build/obj/hal_buffers.o (symbol from plugin)
 .text          0x0000000000000000        0x0 build/obj/hal_queues.o (symbol from plugin)
 .text          0x0000000000000000        0x0 build/obj/hal_mmcsd.o (symbol from plugin)
 .text          0x0000000000000000        0x0 build/obj/adc.o (symbol from plugin)
 .text          0x0000000000000000        0x0 build/obj/can.o (symbol from plugin)
 .text          0x0000000000000000        0x0 build/obj/ext.o (symbol from plugin)
 .text          0x0000000000000000        0x0 build/obj/i2c.o (symbol from plugin)
[...]
Memory Configuration

Name             Origin             Length             Attributes
flash_base       0x0000000008000000 0x0000000000000800
flash            0x0000000008001800 0x000000000003e800
ram0             0x0000000020000000 0x000000000000a000
ram1             0x0000000000000000 0x0000000000000000
ram2             0x0000000000000000 0x0000000000000000
ram3             0x0000000000000000 0x0000000000000000
ram4             0x0000000010000000 0x0000000000002000
ram5             0x0000000000000000 0x0000000000000000
ram6             0x0000000000000000 0x0000000000000000
ram7             0x0000000000000000 0x0000000000000000
*default*        0x0000000000000000 0xffffffffffffffff

Linker script and memory map

LOAD build/obj/crt0_v7m.o
LOAD build/obj/chcoreasm_v7m.o
LOAD build/obj/crt1.o
LOAD /var/folders/7h/8jws_1jn39n3rjt_x7ymkxbm0000gn/T//ccucXJuZ.ltrans0.ltrans.o
LOAD /var/folders/7h/8jws_1jn39n3rjt_x7ymkxbm0000gn/T//ccucXJuZ.ltrans1.ltrans.o
LOAD /var/folders/7h/8jws_1jn39n3rjt_x7ymkxbm0000gn/T//ccucXJuZ.ltrans2.ltrans.o
LOAD /var/folders/7h/8jws_1jn39n3rjt_x7ymkxbm0000gn/T//ccucXJuZ.ltrans3.ltrans.o
LOAD /usr/local/Cellar/arm-none-eabi-gcc/20150921/bin/../lib/gcc/arm-none-eabi/4.9.3/armv7e-m/fpu/libgcc.a
LOAD /usr/local/Cellar/arm-none-eabi-gcc/20150921/bin/../lib/gcc/arm-none-eabi/4.9.3/../../../../arm-none-eabi/lib/armv7e-m/fpu/libg.a
LOAD /usr/local/Cellar/arm-none-eabi-gcc/20150921/bin/../lib/gcc/arm-none-eabi/4.9.3/../../../../arm-none-eabi/lib/armv7e-m/fpu/libc.a
LOAD /usr/local/Cellar/arm-none-eabi-gcc/20150921/bin/../lib/gcc/arm-none-eabi/4.9.3/armv7e-m/fpu/libgcc.a
LOAD /usr/local/Cellar/arm-none-eabi-gcc/20150921/bin/../lib/gcc/arm-none-eabi/4.9.3/../../../../arm-none-eabi/lib/armv7e-m/fpu/libc.a
LOAD /usr/local/Cellar/arm-none-eabi-gcc/20150921/bin/../lib/gcc/arm-none-eabi/4.9.3/../../../../arm-none-eabi/lib/armv7e-m/fpu/libnosys.a
LOAD build/obj/vectors.o
LOAD build/obj/chsys.o
LOAD build/obj/chdebug.o
LOAD build/obj/chvt.o
LOAD build/obj/chschd.o
LOAD build/obj/chthreads.o
LOAD build/obj/chtm.o
LOAD build/obj/chdynamic.o
LOAD build/obj/chregistry.o
LOAD build/obj/chsem.o
LOAD build/obj/chmtx.o
LOAD build/obj/chcond.o
LOAD build/obj/chevents.o
LOAD build/obj/chmsg.o
LOAD build/obj/chmboxes.o
LOAD build/obj/chqueues.o
LOAD build/obj/chmemcore.o
LOAD build/obj/chheap.o
LOAD build/obj/chmempools.o
LOAD build/obj/chcore.o
LOAD build/obj/chcore_v7m.o
LOAD build/obj/osal.o
LOAD build/obj/hal.o
LOAD build/obj/st.o
LOAD build/obj/hal_buffers.o
LOAD build/obj/hal_queues.o
LOAD build/obj/hal_mmcsd.o
LOAD build/obj/adc.o
LOAD build/obj/can.o
LOAD build/obj/ext.o
LOAD build/obj/i2c.o
LOAD build/obj/pal.o
LOAD build/obj/pwm.o
LOAD build/obj/serial.o
LOAD build/obj/serial_usb.o
LOAD build/obj/spi.o
LOAD build/obj/usb.o
LOAD build/obj/nvic.o
LOAD build/obj/hal_lld.o
LOAD build/obj/stm32_dma.o
LOAD build/obj/st_lld.o
LOAD build/obj/adc_lld.o
LOAD build/obj/can_lld.o
LOAD build/obj/ext_lld.o
LOAD build/obj/ext_lld_isr.o
LOAD build/obj/pal_lld.o
LOAD build/obj/i2c_lld.o
LOAD build/obj/spi_lld.o
LOAD build/obj/pwm_lld.o
LOAD build/obj/serial_lld.o
LOAD build/obj/usb_lld.o
LOAD build/obj/board.o
LOAD build/obj/test.o
LOAD build/obj/testthd.o
LOAD build/obj/testsem.o
LOAD build/obj/testmtx.o
LOAD build/obj/testmsg.o
LOAD build/obj/testmbox.o
LOAD build/obj/testevt.o
LOAD build/obj/testheap.o
LOAD build/obj/testpools.o
LOAD build/obj/testdyn.o
LOAD build/obj/testqueues.o
LOAD build/obj/testsys.o
LOAD build/obj/testbmk.o
LOAD build/obj/memstreams.o
LOAD build/obj/chprintf.o
LOAD build/obj/main.o
LOAD build/obj/stm32f30x_flash.o
LOAD build/obj/stm32f30x_tim.o
LOAD build/obj/stm32f30x_rcc.o
LOAD build/obj/stm32f30x_dma.o
                0x0000000020000000                __ram0_start__ = ORIGIN (ram0)
                0x000000000000a000                __ram0_size__ = 0xa000
                0x000000002000a000                __ram0_end__ = (__ram0_start__ + __ram0_size__)
                0x0000000000000000                __ram1_start__ = ORIGIN (ram1)
                0x0000000000000000                __ram1_size__ = 0x0
                0x0000000000000000                __ram1_end__ = (__ram1_start__ + __ram1_size__)
                0x0000000000000000                __ram2_start__ = ORIGIN (ram2)
                0x0000000000000000                __ram2_size__ = 0x0
                0x0000000000000000                __ram2_end__ = (__ram2_start__ + __ram2_size__)
                0x0000000000000000                __ram3_start__ = ORIGIN (ram3)
                0x0000000000000000                __ram3_size__ = 0x0
                0x0000000000000000                __ram3_end__ = (__ram3_start__ + __ram3_size__)
                0x0000000010000000                __ram4_start__ = ORIGIN (ram4)
                0x0000000000002000                __ram4_size__ = 0x2000
                0x0000000010002000                __ram4_end__ = (__ram4_start__ + __ram4_size__)
                0x0000000000000000                __ram5_start__ = ORIGIN (ram5)
                0x0000000000000000                __ram5_size__ = 0x0
                0x0000000000000000                __ram5_end__ = (__ram5_start__ + __ram5_size__)
                0x0000000000000000                __ram6_start__ = ORIGIN (ram6)
                0x0000000000000000                __ram6_size__ = 0x0
                0x0000000000000000                __ram6_end__ = (__ram6_start__ + __ram6_size__)
                0x0000000000000000                __ram7_start__ = ORIGIN (ram7)
                0x0000000000000000                __ram7_size__ = 0x0
                0x0000000000000000                __ram7_end__ = (__ram7_start__ + __ram7_size__)
                0x0000000000000000                . = 0x0
                0x0000000000000000                _text = .

startup         0x0000000008000000      0x1a0
 *(.vectors)
 .vectors       0x0000000008000000      0x1a0 /var/folders/7h/8jws_1jn39n3rjt_x7ymkxbm0000gn/T//ccucXJuZ.ltrans1.ltrans.o
                0x0000000008000000                _vectors

constructors    0x0000000008001800        0x0
                0x0000000008001800                __init_array_start = .
 *(SORT(.init_array.*))
 *(.init_array)
                0x0000000008001800                __init_array_end = .

destructors     0x0000000008001800        0x0
                0x0000000008001800                __fini_array_start = .
 *(.fini_array)
 *(SORT(.fini_array.*))
                0x0000000008001800                __fini_array_end = .

.text           0x0000000008001800     0x29a4
 *(.text)
 .text          0x0000000008001800      0x10c build/obj/crt0_v7m.o
                0x0000000008001800                Reset_Handler
 *fill*         0x000000000800190c        0x4 
 .text          0x0000000008001910       0x30 build/obj/chcoreasm_v7m.o
                0x0000000008001910                _port_switch
                0x0000000008001928                _port_thread_start
                0x0000000008001938                _port_switch_from_isr
                0x000000000800193c                _port_exit_from_isr
 *(.text.*)
 .text.set_address
                0x0000000008001940       0x28 /var/folders/7h/8jws_1jn39n3rjt_x7ymkxbm0000gn/T//ccucXJuZ.ltrans0.ltrans.o
 *fill*         0x0000000008001968        0x8 
 .text.SVC_Handler
                0x0000000008001970       0x20 /var/folders/7h/8jws_1jn39n3rjt_x7ymkxbm0000gn/T//ccucXJuZ.ltrans0.ltrans.o
                0x0000000008001970                SVC_Handler
 .text.chCoreAlloc
                0x0000000008001990       0x38 /var/folders/7h/8jws_1jn39n3rjt_x7ymkxbm0000gn/T//ccucXJuZ.ltrans0.ltrans.o
                0x0000000008001990                chCoreAlloc
 *fill*         0x00000000080019c8        0x8 
 .text.wakeup   0x00000000080019d0       0x70 /var/folders/7h/8jws_1jn39n3rjt_x7ymkxbm0000gn/T//ccucXJuZ.ltrans0.ltrans.o
 .text._idle_thread.lto_priv.45
                0x0000000008001a40        0x4 /var/folders/7h/8jws_1jn39n3rjt_x7ymkxbm0000gn/T//ccucXJuZ.ltrans0.ltrans.o
                0x0000000008001a40                _idle_thread.lto_priv.45
 *fill*         0x0000000008001a44        0xc 
 .text._usb_ep0out
                0x0000000008001a50       0x9c /var/folders/7h/8jws_1jn39n3rjt_x7ymkxbm0000gn/T//ccucXJuZ.ltrans0.ltrans.o
                0x0000000008001a50                _usb_ep0out
 *fill*         0x0000000008001aec        0x4 
 .text._usb_ep0in
                0x0000000008001af0       0xc8 /var/folders/7h/8jws_1jn39n3rjt_x7ymkxbm0000gn/T//ccucXJuZ.ltrans0.ltrans.o
                0x0000000008001af0                _usb_ep0in
 *fill*         0x0000000008001bb8        0x8 
 .text._usb_ep0setup
                0x0000000008001bc0      0x39c /var/folders/7h/8jws_1jn39n3rjt_x7ymkxbm0000gn/T//ccucXJuZ.ltrans0.ltrans.o
                0x0000000008001bc0                _usb_ep0setup
 *fill*         0x0000000008001f5c        0x4 
 .text.chSchGoSleepS
                0x0000000008001f60       0x24 /var/folders/7h/8jws_1jn39n3rjt_x7ymkxbm0000gn/T//ccucXJuZ.ltrans0.ltrans.o
 *fill*         0x0000000008001f84        0xc 
 .text.chThdEnqueueTimeoutS
                0x0000000008001f90       0x90 /var/folders/7h/8jws_1jn39n3rjt_x7ymkxbm0000gn/T//ccucXJuZ.ltrans0.ltrans.o
 .text.chOQWriteTimeout
                0x0000000008002020       0x84 /var/folders/7h/8jws_1jn39n3rjt_x7ymkxbm0000gn/T//ccucXJuZ.ltrans0.ltrans.o
 *fill*         0x00000000080020a4        0xc 
 .text.writet.lto_priv.53
                0x00000000080020b0        0x8 /var/folders/7h/8jws_1jn39n3rjt_x7ymkxbm0000gn/T//ccucXJuZ.ltrans0.ltrans.o
                0x00000000080020b0                writet.lto_priv.53
 *fill*         0x00000000080020b8        0x8 
 .text.write.lto_priv.47
                0x00000000080020c0        0xc /var/folders/7h/8jws_1jn39n3rjt_x7ymkxbm0000gn/T//ccucXJuZ.ltrans0.ltrans.o
                0x00000000080020c0                write.lto_priv.47
 *fill*         0x00000000080020cc        0x4 
 .text.chOQPutTimeout
                0x00000000080020d0       0x54 /var/folders/7h/8jws_1jn39n3rjt_x7ymkxbm0000gn/T//ccucXJuZ.ltrans0.ltrans.o
 *fill*         0x0000000008002124        0xc 
 .text.putt.lto_priv.51
                0x0000000008002130        0x8 /var/folders/7h/8jws_1jn39n3rjt_x7ymkxbm0000gn/T//ccucXJuZ.ltrans0.ltrans.o
                0x0000000008002130                putt.lto_priv.51
 *fill*         0x0000000008002138        0x8 
 .text.put.lto_priv.49
                0x0000000008002140        0xc /var/folders/7h/8jws_1jn39n3rjt_x7ymkxbm0000gn/T//ccucXJuZ.ltrans0.ltrans.o
                0x0000000008002140                put.lto_priv.49
 *fill*         0x000000000800214c        0x4 
 .text.chIQReadTimeout
                0x0000000008002150       0x78 /var/folders/7h/8jws_1jn39n3rjt_x7ymkxbm0000gn/T//ccucXJuZ.ltrans0.ltrans.o
 *fill*         0x00000000080021c8        0x8 
 .text.readt.lto_priv.54
                0x00000000080021d0        0x8 /var/folders/7h/8jws_1jn39n3rjt_x7ymkxbm0000gn/T//ccucXJuZ.ltrans0.ltrans.o
                0x00000000080021d0                readt.lto_priv.54
 *fill*         0x00000000080021d8        0x8 
 .text.read.lto_priv.48
                0x00000000080021e0        0xc /var/folders/7h/8jws_1jn39n3rjt_x7ymkxbm0000gn/T//ccucXJuZ.ltrans0.ltrans.o
                0x00000000080021e0                read.lto_priv.48
 *fill*         0x00000000080021ec        0x4 
 .text.chIQGetTimeout
                0x00000000080021f0       0x50 /var/folders/7h/8jws_1jn39n3rjt_x7ymkxbm0000gn/T//ccucXJuZ.ltrans0.ltrans.o
 .text.gett.lto_priv.52
                0x0000000008002240        0x8 /var/folders/7h/8jws_1jn39n3rjt_x7ymkxbm0000gn/T//ccucXJuZ.ltrans0.ltrans.o
                0x0000000008002240                gett.lto_priv.52
 *fill*         0x0000000008002248        0x8 
 .text.get.lto_priv.50
                0x0000000008002250        0xc /var/folders/7h/8jws_1jn39n3rjt_x7ymkxbm0000gn/T//ccucXJuZ.ltrans0.ltrans.o
                0x0000000008002250                get.lto_priv.50
 *fill*         0x000000000800225c        0x4 
 .text.adcObjectInit
                0x0000000008002260       0x1c /var/folders/7h/8jws_1jn39n3rjt_x7ymkxbm0000gn/T//ccucXJuZ.ltrans0.ltrans.o
                0x0000000008002260                adcObjectInit
 *fill*         0x000000000800227c        0x4 
 .text._port_irq_epilogue
                0x0000000008002280       0x64 /var/folders/7h/8jws_1jn39n3rjt_x7ymkxbm0000gn/T//ccucXJuZ.ltrans0.ltrans.o
                0x0000000008002280                _port_irq_epilogue
 *fill*         0x00000000080022e4        0xc 
 .text.SysTick_Handler
                0x00000000080022f0       0x5c /var/folders/7h/8jws_1jn39n3rjt_x7ymkxbm0000gn/T//ccucXJuZ.ltrans0.ltrans.o
                0x00000000080022f0                SysTick_Handler
 *fill*         0x000000000800234c        0x4 
 .text.Vector130
                0x0000000008002350       0x30 /var/folders/7h/8jws_1jn39n3rjt_x7ymkxbm0000gn/T//ccucXJuZ.ltrans0.ltrans.o
                0x0000000008002350                Vector130
 .text.Vector12C
                0x0000000008002380       0x30 /var/folders/7h/8jws_1jn39n3rjt_x7ymkxbm0000gn/T//ccucXJuZ.ltrans0.ltrans.o
                0x0000000008002380                Vector12C
 .text.Vector128
                0x00000000080023b0       0x30 /var/folders/7h/8jws_1jn39n3rjt_x7ymkxbm0000gn/T//ccucXJuZ.ltrans0.ltrans.o
                0x00000000080023b0                Vector128
 .text.Vector124
                0x00000000080023e0       0x30 /var/folders/7h/8jws_1jn39n3rjt_x7ymkxbm0000gn/T//ccucXJuZ.ltrans0.ltrans.o
                0x00000000080023e0                Vector124
 .text.Vector120
                0x0000000008002410       0x28 /var/folders/7h/8jws_1jn39n3rjt_x7ymkxbm0000gn/T//ccucXJuZ.ltrans0.ltrans.o
                0x0000000008002410                Vector120
 *fill*         0x0000000008002438        0x8 
 .text.Vector84
                0x0000000008002440       0x30 /var/folders/7h/8jws_1jn39n3rjt_x7ymkxbm0000gn/T//ccucXJuZ.ltrans0.ltrans.o
                0x0000000008002440                Vector84
 .text.Vector80
                0x0000000008002470       0x30 /var/folders/7h/8jws_1jn39n3rjt_x7ymkxbm0000gn/T//ccucXJuZ.ltrans0.ltrans.o
                0x0000000008002470                Vector80
 .text.Vector7C
                0x00000000080024a0       0x30 /var/folders/7h/8jws_1jn39n3rjt_x7ymkxbm0000gn/T//ccucXJuZ.ltrans0.ltrans.o
                0x00000000080024a0                Vector7C
 .text.Vector78
                0x00000000080024d0       0x30 /var/folders/7h/8jws_1jn39n3rjt_x7ymkxbm0000gn/T//ccucXJuZ.ltrans0.ltrans.o
                0x00000000080024d0                Vector78
 .text.Vector74
                0x0000000008002500       0x30 /var/folders/7h/8jws_1jn39n3rjt_x7ymkxbm0000gn/T//ccucXJuZ.ltrans0.ltrans.o
                0x0000000008002500                Vector74
 .text.Vector70
                0x0000000008002530       0x30 /var/folders/7h/8jws_1jn39n3rjt_x7ymkxbm0000gn/T//ccucXJuZ.ltrans0.ltrans.o
                0x0000000008002530                Vector70
 .text.Vector6C
                0x0000000008002560       0x28 /var/folders/7h/8jws_1jn39n3rjt_x7ymkxbm0000gn/T//ccucXJuZ.ltrans0.ltrans.o
                0x0000000008002560                Vector6C
 *fill*         0x0000000008002588        0x8 
 .text.chTMStopMeasurementX
                0x0000000008002590       0x44 /var/folders/7h/8jws_1jn39n3rjt_x7ymkxbm0000gn/T//ccucXJuZ.ltrans0.ltrans.o
                0x0000000008002590                chTMStopMeasurementX
 *fill*         0x00000000080025d4        0xc 
 .text.chSchDoReschedule
                0x00000000080025e0       0x3c /var/folders/7h/8jws_1jn39n3rjt_x7ymkxbm0000gn/T//ccucXJuZ.ltrans0.ltrans.o
                0x00000000080025e0                chSchDoReschedule
 *fill*         0x000000000800261c        0x4 
 .text.chSchReadyI
                0x0000000008002620       0x2c /var/folders/7h/8jws_1jn39n3rjt_x7ymkxbm0000gn/T//ccucXJuZ.ltrans0.ltrans.o
                0x0000000008002620                chSchReadyI
 *fill*         0x000000000800264c        0x4 
 .text.chEvtBroadcastFlagsI
                0x0000000008002650       0x5c /var/folders/7h/8jws_1jn39n3rjt_x7ymkxbm0000gn/T//ccucXJuZ.ltrans0.ltrans.o
                0x0000000008002650                chEvtBroadcastFlagsI
 *fill*         0x00000000080026ac        0x4 
 .text.chThdResumeI
                0x00000000080026b0       0x14 /var/folders/7h/8jws_1jn39n3rjt_x7ymkxbm0000gn/T//ccucXJuZ.ltrans0.ltrans.o
                0x00000000080026b0                chThdResumeI
 *fill*         0x00000000080026c4        0xc 
 .text.adc_lld_serve_interrupt.lto_priv.55
                0x00000000080026d0      0x11c /var/folders/7h/8jws_1jn39n3rjt_x7ymkxbm0000gn/T//ccucXJuZ.ltrans0.ltrans.o
                0x00000000080026d0                adc_lld_serve_interrupt.lto_priv.55
 *fill*         0x00000000080027ec        0x4 
 .text.chThdExit
                0x00000000080027f0       0x48 /var/folders/7h/8jws_1jn39n3rjt_x7ymkxbm0000gn/T//ccucXJuZ.ltrans0.ltrans.o
                0x00000000080027f0                chThdExit
 *fill*         0x0000000008002838        0x8 
 .text._unhandled_exception
                0x0000000008002840        0x4 /var/folders/7h/8jws_1jn39n3rjt_x7ymkxbm0000gn/T//ccucXJuZ.ltrans0.ltrans.o
                0x0000000008002840                Vector174
                0x0000000008002840                DebugMon_Handler
                0x0000000008002840                Vector11C
                0x0000000008002840                HardFault_Handler
                0x0000000008002840                Vector19C
                0x0000000008002840                VectorDC
                0x0000000008002840                PendSV_Handler
                0x0000000008002840                Vector168
                0x0000000008002840                NMI_Handler
                0x0000000008002840                Vector110
                0x0000000008002840                VectorC8
                0x0000000008002840                VectorA8
                0x0000000008002840                VectorB4
                0x0000000008002840                Vector160
                0x0000000008002840                UsageFault_Handler
                0x0000000008002840                VectorEC
                0x0000000008002840                Vector40
                0x0000000008002840                VectorF8
                0x0000000008002840                Vector108
                0x0000000008002840                Vector190
                0x0000000008002840                Vector150
                0x0000000008002840                Vector188
                0x0000000008002840                Vector198
                0x0000000008002840                Vector118
                0x0000000008002840                VectorCC
                0x0000000008002840                Vector54
                0x0000000008002840                VectorD8
                0x0000000008002840                Vector138
                0x0000000008002840                Vector24
                0x0000000008002840                Vector178
                0x0000000008002840                VectorD0
                0x0000000008002840                Vector158
                0x0000000008002840                VectorF0
                0x0000000008002840                Vector13C
                0x0000000008002840                Vector100
                0x0000000008002840                VectorF4
                0x0000000008002840                MemManage_Handler
                0x0000000008002840                VectorA0
                0x0000000008002840                VectorC4
                0x0000000008002840                Vector180
                0x0000000008002840                Vector114
                0x0000000008002840                Vector164
                0x0000000008002840                Vector1C
                0x0000000008002840                Vector17C
                0x0000000008002840                Vector15C
                0x0000000008002840                Vector170
                0x0000000008002840                Vector104
                0x0000000008002840                Vector184
                0x0000000008002840                Vector10C
                0x0000000008002840                Vector14C
                0x0000000008002840                BusFault_Handler
                0x0000000008002840                Vector50
                0x0000000008002840                Vector194
                0x0000000008002840                Vector154
                0x0000000008002840                Vector28
                0x0000000008002840                VectorB8
                0x0000000008002840                Vector34
                0x0000000008002840                VectorA4
                0x0000000008002840                Vector20
                0x0000000008002840                Vector18C
                0x0000000008002840                VectorAC
 *fill*         0x0000000008002844        0xc 
 .text.__init_ram_areas
                0x0000000008002850       0x4c /var/folders/7h/8jws_1jn39n3rjt_x7ymkxbm0000gn/T//ccucXJuZ.ltrans0.ltrans.o
                0x0000000008002850                __init_ram_areas
 *fill*         0x000000000800289c        0x4 
 .text.__default_exit
                0x00000000080028a0        0x4 /var/folders/7h/8jws_1jn39n3rjt_x7ymkxbm0000gn/T//ccucXJuZ.ltrans0.ltrans.o
                0x00000000080028a0                __default_exit
 *fill*         0x00000000080028a4        0xc 
 .text.__late_init
                0x00000000080028b0        0x4 /var/folders/7h/8jws_1jn39n3rjt_x7ymkxbm0000gn/T//ccucXJuZ.ltrans0.ltrans.o
                0x00000000080028b0                __late_init
 *fill*         0x00000000080028b4        0xc 
 .text.__core_init
                0x00000000080028c0        0x4 /var/folders/7h/8jws_1jn39n3rjt_x7ymkxbm0000gn/T//ccucXJuZ.ltrans0.ltrans.o
                0x00000000080028c0                __core_init
 *fill*         0x00000000080028c4        0xc 
 .text.Vector16C
                0x00000000080028d0      0x31c /var/folders/7h/8jws_1jn39n3rjt_x7ymkxbm0000gn/T//ccucXJuZ.ltrans1.ltrans.o
 *fill*         0x0000000008002bec        0x4 
 .text.startup.main
                0x0000000008002bf0      0x738 /var/folders/7h/8jws_1jn39n3rjt_x7ymkxbm0000gn/T//ccucXJuZ.ltrans1.ltrans.o
                0x0000000008002bf0                main
 *fill*         0x0000000008003328        0x8 
 .text.__early_init
                0x0000000008003330       0xa0 /var/folders/7h/8jws_1jn39n3rjt_x7ymkxbm0000gn/T//ccucXJuZ.ltrans1.ltrans.o
                0x0000000008003330                __early_init
 .text.notify1.lto_priv.46
                0x00000000080033d0       0x10 /var/folders/7h/8jws_1jn39n3rjt_x7ymkxbm0000gn/T//ccucXJuZ.ltrans2.ltrans.o
                0x00000000080033d0                notify1.lto_priv.46
 .text.VectorB0
                0x00000000080033e0       0x64 /var/folders/7h/8jws_1jn39n3rjt_x7ymkxbm0000gn/T//ccucXJuZ.ltrans2.ltrans.o
                0x00000000080033e0                VectorB0
 *fill*         0x0000000008003444        0xc 
 .text.Vector148
                0x0000000008003450       0x2c /var/folders/7h/8jws_1jn39n3rjt_x7ymkxbm0000gn/T//ccucXJuZ.ltrans2.ltrans.o
                0x0000000008003450                Vector148
 *fill*         0x000000000800347c        0x4 
 .text.Vector144
                0x0000000008003480       0x64 /var/folders/7h/8jws_1jn39n3rjt_x7ymkxbm0000gn/T//ccucXJuZ.ltrans2.ltrans.o
                0x0000000008003480                Vector144
 *fill*         0x00000000080034e4        0xc 
 .text.Vector140
                0x00000000080034f0       0x58 /var/folders/7h/8jws_1jn39n3rjt_x7ymkxbm0000gn/T//ccucXJuZ.ltrans2.ltrans.o
                0x00000000080034f0                Vector140
 *fill*         0x0000000008003548        0x8 
 .text.Vector4C
                0x0000000008003550       0x30 /var/folders/7h/8jws_1jn39n3rjt_x7ymkxbm0000gn/T//ccucXJuZ.ltrans2.ltrans.o
                0x0000000008003550                Vector4C
 .text.Vector48
                0x0000000008003580       0x30 /var/folders/7h/8jws_1jn39n3rjt_x7ymkxbm0000gn/T//ccucXJuZ.ltrans2.ltrans.o
                0x0000000008003580                Vector48
 .text.VectorE8
                0x00000000080035b0       0x30 /var/folders/7h/8jws_1jn39n3rjt_x7ymkxbm0000gn/T//ccucXJuZ.ltrans2.ltrans.o
                0x00000000080035b0                VectorE8
 .text.VectorE4
                0x00000000080035e0       0x30 /var/folders/7h/8jws_1jn39n3rjt_x7ymkxbm0000gn/T//ccucXJuZ.ltrans2.ltrans.o
                0x00000000080035e0                VectorE4
 .text.Vector44
                0x0000000008003610       0x30 /var/folders/7h/8jws_1jn39n3rjt_x7ymkxbm0000gn/T//ccucXJuZ.ltrans2.ltrans.o
                0x0000000008003610                Vector44
 .text.VectorE0
                0x0000000008003640       0x80 /var/folders/7h/8jws_1jn39n3rjt_x7ymkxbm0000gn/T//ccucXJuZ.ltrans2.ltrans.o
                0x0000000008003640                VectorE0
 .text.Vector9C
                0x00000000080036c0       0x70 /var/folders/7h/8jws_1jn39n3rjt_x7ymkxbm0000gn/T//ccucXJuZ.ltrans2.ltrans.o
                0x00000000080036c0                Vector9C
 .text.Vector68
                0x0000000008003730       0x2c /var/folders/7h/8jws_1jn39n3rjt_x7ymkxbm0000gn/T//ccucXJuZ.ltrans2.ltrans.o
                0x0000000008003730                Vector68
 *fill*         0x000000000800375c        0x4 
 .text.Vector64
                0x0000000008003760       0x2c /var/folders/7h/8jws_1jn39n3rjt_x7ymkxbm0000gn/T//ccucXJuZ.ltrans2.ltrans.o
                0x0000000008003760                Vector64
 *fill*         0x000000000800378c        0x4 
 .text.Vector60
                0x0000000008003790       0x2c /var/folders/7h/8jws_1jn39n3rjt_x7ymkxbm0000gn/T//ccucXJuZ.ltrans2.ltrans.o
                0x0000000008003790                Vector60
 *fill*         0x00000000080037bc        0x4 
 .text.Vector5C
                0x00000000080037c0       0x2c /var/folders/7h/8jws_1jn39n3rjt_x7ymkxbm0000gn/T//ccucXJuZ.ltrans2.ltrans.o
                0x00000000080037c0                Vector5C
 *fill*         0x00000000080037ec        0x4 
 .text.Vector58
                0x00000000080037f0       0x2c /var/folders/7h/8jws_1jn39n3rjt_x7ymkxbm0000gn/T//ccucXJuZ.ltrans2.ltrans.o
                0x00000000080037f0                Vector58
 *fill*         0x000000000800381c        0x4 
 .text.Vector98
                0x0000000008003820       0x60 /var/folders/7h/8jws_1jn39n3rjt_x7ymkxbm0000gn/T//ccucXJuZ.ltrans2.ltrans.o
                0x0000000008003820                Vector98
 .text.VectorD4
                0x0000000008003880      0x19c /var/folders/7h/8jws_1jn39n3rjt_x7ymkxbm0000gn/T//ccucXJuZ.ltrans2.ltrans.o
                0x0000000008003880                VectorD4
 *fill*         0x0000000008003a1c        0x4 
 .text.VectorC0
                0x0000000008003a20       0xa0 /var/folders/7h/8jws_1jn39n3rjt_x7ymkxbm0000gn/T//ccucXJuZ.ltrans2.ltrans.o
                0x0000000008003a20                VectorC0
 .text.VectorBC
                0x0000000008003ac0      0x164 /var/folders/7h/8jws_1jn39n3rjt_x7ymkxbm0000gn/T//ccucXJuZ.ltrans2.ltrans.o
                0x0000000008003ac0                VectorBC
 *fill*         0x0000000008003c24        0xc 
 .text.Vector94
                0x0000000008003c30       0x60 /var/folders/7h/8jws_1jn39n3rjt_x7ymkxbm0000gn/T//ccucXJuZ.ltrans2.ltrans.o
                0x0000000008003c30                Vector94
 .text.Vector90
                0x0000000008003c90       0x60 /var/folders/7h/8jws_1jn39n3rjt_x7ymkxbm0000gn/T//ccucXJuZ.ltrans2.ltrans.o
                0x0000000008003c90                Vector90
 .text.Vector8C
                0x0000000008003cf0       0x70 /var/folders/7h/8jws_1jn39n3rjt_x7ymkxbm0000gn/T//ccucXJuZ.ltrans2.ltrans.o
                0x0000000008003cf0                Vector8C
 .text.Vector134
                0x0000000008003d60       0x20 /var/folders/7h/8jws_1jn39n3rjt_x7ymkxbm0000gn/T//ccucXJuZ.ltrans2.ltrans.o
                0x0000000008003d60                Vector134
 .text.VectorFC
                0x0000000008003d80       0x20 /var/folders/7h/8jws_1jn39n3rjt_x7ymkxbm0000gn/T//ccucXJuZ.ltrans2.ltrans.o
                0x0000000008003d80                VectorFC
 .text.Vector88
                0x0000000008003da0       0x30 /var/folders/7h/8jws_1jn39n3rjt_x7ymkxbm0000gn/T//ccucXJuZ.ltrans2.ltrans.o
                0x0000000008003da0                Vector88
 .text.usb_packet_write_from_buffer.lto_priv.44
                0x0000000008003dd0       0x58 /var/folders/7h/8jws_1jn39n3rjt_x7ymkxbm0000gn/T//ccucXJuZ.ltrans2.ltrans.o
                0x0000000008003dd0                usb_packet_write_from_buffer.lto_priv.44
 *fill*         0x0000000008003e28        0x8 
 .text.adc_lld_stop_conversion
                0x0000000008003e30       0x34 /var/folders/7h/8jws_1jn39n3rjt_x7ymkxbm0000gn/T//ccucXJuZ.ltrans2.ltrans.o
                0x0000000008003e30                adc_lld_stop_conversion
 *fill*         0x0000000008003e64        0xc 
 .text.chTMStartMeasurementX.constprop.40
                0x0000000008003e70        0xc /var/folders/7h/8jws_1jn39n3rjt_x7ymkxbm0000gn/T//ccucXJuZ.ltrans3.ltrans.o
                0x0000000008003e70                chTMStartMeasurementX.constprop.40
 *fill*         0x0000000008003e7c        0x4 
 .text.chThdDequeueAllI.constprop.36
                0x0000000008003e80       0x24 /var/folders/7h/8jws_1jn39n3rjt_x7ymkxbm0000gn/T//ccucXJuZ.ltrans3.ltrans.o
                0x0000000008003e80                chThdDequeueAllI.constprop.36
 *fill*         0x0000000008003ea4        0xc 
 .text.usbStartReceiveI.constprop.19
                0x0000000008003eb0       0x4c /var/folders/7h/8jws_1jn39n3rjt_x7ymkxbm0000gn/T//ccucXJuZ.ltrans3.ltrans.o
                0x0000000008003eb0                usbStartReceiveI.constprop.19
 *fill*         0x0000000008003efc        0x4 
 .text.usbStartTransmitI.constprop.17
                0x0000000008003f00       0x4c /var/folders/7h/8jws_1jn39n3rjt_x7ymkxbm0000gn/T//ccucXJuZ.ltrans3.ltrans.o
                0x0000000008003f00                usbStartTransmitI.constprop.17
 *fill*         0x0000000008003f4c        0x4 
 .text.i2c_lld_setup_rx_transfer.constprop.7
                0x0000000008003f50       0x44 /var/folders/7h/8jws_1jn39n3rjt_x7ymkxbm0000gn/T//ccucXJuZ.ltrans3.ltrans.o
                0x0000000008003f50                i2c_lld_setup_rx_transfer.constprop.7
 *(.rodata)
 *(.rodata.*)
 *fill*         0x0000000008003f94        0xc 
 .rodata.zero_status
                0x0000000008003fa0        0x2 /var/folders/7h/8jws_1jn39n3rjt_x7ymkxbm0000gn/T//ccucXJuZ.ltrans0.ltrans.o
 *fill*         0x0000000008003fa2        0xe 
 .rodata.active_status
                0x0000000008003fb0        0x2 /var/folders/7h/8jws_1jn39n3rjt_x7ymkxbm0000gn/T//ccucXJuZ.ltrans0.ltrans.o
 *fill*         0x0000000008003fb2        0xe 
 .rodata.ram_areas
                0x0000000008003fc0       0x80 /var/folders/7h/8jws_1jn39n3rjt_x7ymkxbm0000gn/T//ccucXJuZ.ltrans0.ltrans.o
 .rodata.halted_status
                0x0000000008004040        0x2 /var/folders/7h/8jws_1jn39n3rjt_x7ymkxbm0000gn/T//ccucXJuZ.ltrans0.ltrans.o
 *fill*         0x0000000008004042        0xe 
 .rodata.vmt    0x0000000008004050       0x20 /var/folders/7h/8jws_1jn39n3rjt_x7ymkxbm0000gn/T//ccucXJuZ.ltrans1.ltrans.o
 .rodata._stm32_dma_streams
                0x0000000008004070       0xf0 /var/folders/7h/8jws_1jn39n3rjt_x7ymkxbm0000gn/T//ccucXJuZ.ltrans1.ltrans.o
 .rodata.ch_debug
                0x0000000008004160       0x16 /var/folders/7h/8jws_1jn39n3rjt_x7ymkxbm0000gn/T//ccucXJuZ.ltrans1.ltrans.o
 *fill*         0x0000000008004176        0xa 
 .rodata.ep0config
                0x0000000008004180       0x24 /var/folders/7h/8jws_1jn39n3rjt_x7ymkxbm0000gn/T//ccucXJuZ.ltrans1.ltrans.o
 *(.glue_7t)
 .glue_7t       0x0000000000000000        0x0 linker stubs
 *(.glue_7)
 .glue_7        0x0000000000000000        0x0 linker stubs
 *(.gcc*)

.vfp11_veneer   0x00000000080041a4        0x0
 .vfp11_veneer  0x0000000000000000        0x0 linker stubs

.v4_bx          0x00000000080041a4        0x0
 .v4_bx         0x0000000000000000        0x0 linker stubs

.iplt           0x00000000080041a4        0x0
 .iplt          0x0000000000000000        0x0 build/obj/crt0_v7m.o

.rel.dyn        0x00000000080041a4        0x0
 .rel.iplt      0x0000000000000000        0x0 build/obj/crt0_v7m.o

.ARM.extab
 *(.ARM.extab* .gnu.linkonce.armextab.*)

.ARM.exidx      0x00000000080041a4        0x0
                0x00000000080041a4                __exidx_start = .
 *(.ARM.exidx* .gnu.linkonce.armexidx.*)
                0x00000000080041a4                __exidx_end = .

.eh_frame_hdr
 *(.eh_frame_hdr)

.eh_frame
 *(.eh_frame)

.textalign      0x00000000080041a4        0x4
                0x00000000080041a8                . = ALIGN (0x8)
 *fill*         0x00000000080041a4        0x4 
                0x00000000080041a8                . = ALIGN (0x4)
                0x00000000080041a8                PROVIDE (_etext, .)

.mstack         0x0000000020000000      0x400
                0x0000000020000000                . = ALIGN (0x8)
                0x0000000020000000                __main_stack_base__ = .
                0x0000000020000400                . = (. + __main_stack_size__)
 *fill*         0x0000000020000000      0x400 
                0x0000000020000400                . = ALIGN (0x8)
                0x0000000020000400                __main_stack_end__ = .

.pstack         0x0000000020000400      0x400
                0x0000000020000400                __process_stack_base__ = .
                0x0000000020000400                __main_thread_stack_base__ = .
                0x0000000020000800                . = (. + __process_stack_size__)
 *fill*         0x0000000020000400      0x400 
                0x0000000020000800                . = ALIGN (0x8)
                0x0000000020000800                __process_stack_end__ = .
                0x0000000020000800                __main_thread_stack_end__ = .

.data           0x0000000020000800        0x0 load address 0x00000000080041a8
                0x0000000020000800                . = ALIGN (0x4)
                0x00000000080041a8                PROVIDE (_textdata, LOADADDR (.data))
                0x0000000020000800                PROVIDE (_data, .)
                0x00000000080041a8                _textdata_start = LOADADDR (.data)
                0x0000000020000800                _data_start = .
 *(.data)
 *(.data.*)
 *(.ramtext)
                0x0000000020000800                . = ALIGN (0x4)
                0x0000000020000800                PROVIDE (_edata, .)
                0x0000000020000800                _data_end = .

.igot.plt       0x0000000020000800        0x0 load address 0x00000000080041a8
 .igot.plt      0x0000000000000000        0x0 build/obj/crt0_v7m.o

.bss            0x0000000020000800      0x52c load address 0x00000000080041a8
                0x0000000020000800                . = ALIGN (0x4)
                0x0000000020000800                _bss_start = .
 *(.bss)
 *(.bss.*)
 .bss.CAND1     0x0000000020000800       0x30 /var/folders/7h/8jws_1jn39n3rjt_x7ymkxbm0000gn/T//ccucXJuZ.ltrans1.ltrans.o
                0x0000000020000800                CAND1
 .bss.ch        0x0000000020000830      0x1e8 /var/folders/7h/8jws_1jn39n3rjt_x7ymkxbm0000gn/T//ccucXJuZ.ltrans1.ltrans.o
                0x0000000020000830                ch
 .bss.endmem.lto_priv.56
                0x0000000020000a18        0x4 /var/folders/7h/8jws_1jn39n3rjt_x7ymkxbm0000gn/T//ccucXJuZ.ltrans1.ltrans.o
                0x0000000020000a18                endmem.lto_priv.56
 .bss.USBD1     0x0000000020000a1c       0x84 /var/folders/7h/8jws_1jn39n3rjt_x7ymkxbm0000gn/T//ccucXJuZ.ltrans1.ltrans.o
 .bss.SPID1     0x0000000020000aa0       0x30 /var/folders/7h/8jws_1jn39n3rjt_x7ymkxbm0000gn/T//ccucXJuZ.ltrans1.ltrans.o
 .bss.SD1       0x0000000020000ad0       0x7c /var/folders/7h/8jws_1jn39n3rjt_x7ymkxbm0000gn/T//ccucXJuZ.ltrans1.ltrans.o
                0x0000000020000ad0                SD1
 .bss.EXTD1     0x0000000020000b4c        0x8 /var/folders/7h/8jws_1jn39n3rjt_x7ymkxbm0000gn/T//ccucXJuZ.ltrans1.ltrans.o
                0x0000000020000b4c                EXTD1
 .bss._stm32_dma_isr_redir
                0x0000000020000b54       0x60 /var/folders/7h/8jws_1jn39n3rjt_x7ymkxbm0000gn/T//ccucXJuZ.ltrans1.ltrans.o
                0x0000000020000b54                _stm32_dma_isr_redir
 .bss.clkmask   0x0000000020000bb4        0x4 /var/folders/7h/8jws_1jn39n3rjt_x7ymkxbm0000gn/T//ccucXJuZ.ltrans1.ltrans.o
 .bss.ep0_state
                0x0000000020000bb8       0x10 /var/folders/7h/8jws_1jn39n3rjt_x7ymkxbm0000gn/T//ccucXJuZ.ltrans1.ltrans.o
 .bss.ep0setup_buffer
                0x0000000020000bc8        0x8 /var/folders/7h/8jws_1jn39n3rjt_x7ymkxbm0000gn/T//ccucXJuZ.ltrans1.ltrans.o
 .bss.PWMD2     0x0000000020000bd0       0x1c /var/folders/7h/8jws_1jn39n3rjt_x7ymkxbm0000gn/T//ccucXJuZ.ltrans1.ltrans.o
                0x0000000020000bd0                PWMD2
 .bss.ADCD1     0x0000000020000bec       0x38 /var/folders/7h/8jws_1jn39n3rjt_x7ymkxbm0000gn/T//ccucXJuZ.ltrans1.ltrans.o
                0x0000000020000bec                ADCD1
 .bss.ADCD2     0x0000000020000c24       0x38 /var/folders/7h/8jws_1jn39n3rjt_x7ymkxbm0000gn/T//ccucXJuZ.ltrans1.ltrans.o
                0x0000000020000c24                ADCD2
 .bss.ADCD3     0x0000000020000c5c       0x38 /var/folders/7h/8jws_1jn39n3rjt_x7ymkxbm0000gn/T//ccucXJuZ.ltrans1.ltrans.o
                0x0000000020000c5c                ADCD3
 .bss.ADCD4     0x0000000020000c94       0x38 /var/folders/7h/8jws_1jn39n3rjt_x7ymkxbm0000gn/T//ccucXJuZ.ltrans1.ltrans.o
                0x0000000020000c94                ADCD4
 .bss.nextmem.lto_priv.57
                0x0000000020000ccc        0x4 /var/folders/7h/8jws_1jn39n3rjt_x7ymkxbm0000gn/T//ccucXJuZ.ltrans1.ltrans.o
                0x0000000020000ccc                nextmem.lto_priv.57
 .bss.dma_streams_mask
                0x0000000020000cd0        0x4 /var/folders/7h/8jws_1jn39n3rjt_x7ymkxbm0000gn/T//ccucXJuZ.ltrans1.ltrans.o
 *fill*         0x0000000020000cd4        0x4 
 .bss.default_heap
                0x0000000020000cd8       0x20 /var/folders/7h/8jws_1jn39n3rjt_x7ymkxbm0000gn/T//ccucXJuZ.ltrans1.ltrans.o
 .bss.I2CD1     0x0000000020000cf8       0x34 /var/folders/7h/8jws_1jn39n3rjt_x7ymkxbm0000gn/T//ccucXJuZ.ltrans3.ltrans.o
                0x0000000020000cf8                I2CD1
 *(COMMON)
                0x0000000020000d2c                . = ALIGN (0x4)
                0x0000000020000d2c                _bss_end = .
                0x0000000020000d2c                PROVIDE (end, .)

.ram0_init      0x0000000020000d2c        0x0 load address 0x00000000080041a8
                0x0000000020000d2c                . = ALIGN (0x4)
                0x00000000080041a8                __ram0_init_text__ = LOADADDR (.ram0_init)
                0x0000000020000d2c                __ram0_init__ = .
 *(.ram0_init)
 *(.ram0_init.*)
                0x0000000020000d2c                . = ALIGN (0x4)

.ram0           0x0000000020000d2c        0x0 load address 0x00000000080041a8
                0x0000000020000d2c                . = ALIGN (0x4)
                0x0000000020000d2c                __ram0_clear__ = .
 *(.ram0_clear)
 *(.ram0_clear.*)
                0x0000000020000d2c                . = ALIGN (0x4)
                0x0000000020000d2c                __ram0_noinit__ = .
 *(.ram0)
 *(.ram0.*)
                0x0000000020000d2c                . = ALIGN (0x4)
                0x0000000020000d2c                __ram0_free__ = .

.ram1_init      0x0000000000000000        0x0 load address 0x00000000080041a8
                0x0000000000000000                . = ALIGN (0x4)
                0x00000000080041a8                __ram1_init_text__ = LOADADDR (.ram1_init)
                0x0000000000000000                __ram1_init__ = .
 *(.ram1_init)
 *(.ram1_init.*)
                0x0000000000000000                . = ALIGN (0x4)

.ram1           0x0000000000000000        0x0 load address 0x00000000080041a8
                0x0000000000000000                . = ALIGN (0x4)
                0x0000000000000000                __ram1_clear__ = .
 *(.ram1_clear)
 *(.ram1_clear.*)
                0x0000000000000000                . = ALIGN (0x4)
                0x0000000000000000                __ram1_noinit__ = .
 *(.ram1)
 *(.ram1.*)
                0x0000000000000000                . = ALIGN (0x4)
                0x0000000000000000                __ram1_free__ = .

.ram2_init      0x0000000000000000        0x0 load address 0x00000000080041a8
                0x0000000000000000                . = ALIGN (0x4)
                0x00000000080041a8                __ram2_init_text__ = LOADADDR (.ram2_init)
                0x0000000000000000                __ram2_init__ = .
 *(.ram2_init)
 *(.ram2_init.*)
                0x0000000000000000                . = ALIGN (0x4)

.ram2           0x0000000000000000        0x0 load address 0x00000000080041a8
                0x0000000000000000                . = ALIGN (0x4)
                0x0000000000000000                __ram2_clear__ = .
 *(.ram2_clear)
 *(.ram2_clear.*)
                0x0000000000000000                . = ALIGN (0x4)
                0x0000000000000000                __ram2_noinit__ = .
 *(.ram2)
 *(.ram2.*)
                0x0000000000000000                . = ALIGN (0x4)
                0x0000000000000000                __ram2_free__ = .

.ram3_init      0x0000000000000000        0x0 load address 0x00000000080041a8
                0x0000000000000000                . = ALIGN (0x4)
                0x00000000080041a8                __ram3_init_text__ = LOADADDR (.ram3_init)
                0x0000000000000000                __ram3_init__ = .
 *(.ram3_init)
 *(.ram3_init.*)
                0x0000000000000000                . = ALIGN (0x4)

.ram3           0x0000000000000000        0x0 load address 0x00000000080041a8
                0x0000000000000000                . = ALIGN (0x4)
                0x0000000000000000                __ram3_clear__ = .
 *(.ram3_clear)
 *(.ram3_clear.*)
                0x0000000000000000                . = ALIGN (0x4)
                0x0000000000000000                __ram3_noinit__ = .
 *(.ram3)
 *(.ram3.*)
                0x0000000000000000                . = ALIGN (0x4)
                0x0000000000000000                __ram3_free__ = .

.ram4_init      0x0000000010000000        0x0 load address 0x00000000080041a8
                0x0000000010000000                . = ALIGN (0x4)
                0x00000000080041a8                __ram4_init_text__ = LOADADDR (.ram4_init)
                0x0000000010000000                __ram4_init__ = .
 *(.ram4_init)
 *(.ram4_init.*)
                0x0000000010000000                . = ALIGN (0x4)

.ram4           0x0000000010000000        0x0 load address 0x00000000080041a8
                0x0000000010000000                . = ALIGN (0x4)
                0x0000000010000000                __ram4_clear__ = .
 *(.ram4_clear)
 *(.ram4_clear.*)
                0x0000000010000000                . = ALIGN (0x4)
                0x0000000010000000                __ram4_noinit__ = .
 *(.ram4)
 *(.ram4.*)
                0x0000000010000000                . = ALIGN (0x4)
                0x0000000010000000                __ram4_free__ = .

.ram5_init      0x0000000000000000        0x0 load address 0x00000000080041a8
                0x0000000000000000                . = ALIGN (0x4)
                0x00000000080041a8                __ram5_init_text__ = LOADADDR (.ram5_init)
                0x0000000000000000                __ram5_init__ = .
 *(.ram5_init)
 *(.ram5_init.*)
                0x0000000000000000                . = ALIGN (0x4)

.ram5           0x0000000000000000        0x0 load address 0x00000000080041a8
                0x0000000000000000                . = ALIGN (0x4)
                0x0000000000000000                __ram5_clear__ = .
 *(.ram5_clear)
 *(.ram5_clear.*)
                0x0000000000000000                . = ALIGN (0x4)
                0x0000000000000000                __ram5_noinit__ = .
 *(.ram5)
 *(.ram5.*)
                0x0000000000000000                . = ALIGN (0x4)
                0x0000000000000000                __ram5_free__ = .

.ram6_init      0x0000000000000000        0x0 load address 0x00000000080041a8
                0x0000000000000000                . = ALIGN (0x4)
                0x00000000080041a8                __ram6_init_text__ = LOADADDR (.ram6_init)
                0x0000000000000000                __ram6_init__ = .
 *(.ram6_init)
 *(.ram6_init.*)
                0x0000000000000000                . = ALIGN (0x4)

.ram6           0x0000000000000000        0x0 load address 0x00000000080041a8
                0x0000000000000000                . = ALIGN (0x4)
                0x0000000000000000                __ram6_clear__ = .
 *(.ram6_clear)
 *(.ram6_clear.*)
                0x0000000000000000                . = ALIGN (0x4)
                0x0000000000000000                __ram6_noinit__ = .
 *(.ram6)
 *(.ram6.*)
                0x0000000000000000                . = ALIGN (0x4)
                0x0000000000000000                __ram6_free__ = .

.ram7_init      0x0000000000000000        0x0 load address 0x00000000080041a8
                0x0000000000000000                . = ALIGN (0x4)
                0x00000000080041a8                __ram7_init_text__ = LOADADDR (.ram7_init)
                0x0000000000000000                __ram7_init__ = .
 *(.ram7_init)
 *(.ram7_init.*)
                0x0000000000000000                . = ALIGN (0x4)

.ram7           0x0000000000000000        0x0 load address 0x00000000080041a8
                0x0000000000000000                . = ALIGN (0x4)
                0x0000000000000000                __ram7_clear__ = .
 *(.ram7_clear)
 *(.ram7_clear.*)
                0x0000000000000000                . = ALIGN (0x4)
                0x0000000000000000                __ram7_noinit__ = .
 *(.ram7)
 *(.ram7.*)
                0x0000000000000000                . = ALIGN (0x4)
                0x0000000000000000                __ram7_free__ = .

.heap           0x0000000020000d2c     0x92d4
                0x0000000020000d30                . = ALIGN (0x8)
 *fill*         0x0000000020000d2c        0x4 
                0x0000000020000d30                __heap_base__ = .
                0x000000002000a000                . = (ORIGIN (HEAP_RAM) + 0xa000)
 *fill*         0x0000000020000d30     0x92d0 
                0x000000002000a000                __heap_end__ = .
                0x0000000000000400                __process_stack_size__ = 0x400
                0x0000000000000400                __main_stack_size__ = 0x400
LOAD /usr/local/Cellar/arm-none-eabi-gcc/20150921/bin/../lib/gcc/arm-none-eabi/4.9.3/../../../../arm-none-eabi/lib/armv7e-m/fpu/libstdc++.a
LOAD /usr/local/Cellar/arm-none-eabi-gcc/20150921/bin/../lib/gcc/arm-none-eabi/4.9.3/../../../../arm-none-eabi/lib/armv7e-m/fpu/libm.a
START GROUP
LOAD /usr/local/Cellar/arm-none-eabi-gcc/20150921/bin/../lib/gcc/arm-none-eabi/4.9.3/armv7e-m/fpu/libgcc.a
LOAD /usr/local/Cellar/arm-none-eabi-gcc/20150921/bin/../lib/gcc/arm-none-eabi/4.9.3/../../../../arm-none-eabi/lib/armv7e-m/fpu/libg.a
LOAD /usr/local/Cellar/arm-none-eabi-gcc/20150921/bin/../lib/gcc/arm-none-eabi/4.9.3/../../../../arm-none-eabi/lib/armv7e-m/fpu/libc.a
END GROUP
START GROUP
LOAD /usr/local/Cellar/arm-none-eabi-gcc/20150921/bin/../lib/gcc/arm-none-eabi/4.9.3/armv7e-m/fpu/libgcc.a
LOAD /usr/local/Cellar/arm-none-eabi-gcc/20150921/bin/../lib/gcc/arm-none-eabi/4.9.3/../../../../arm-none-eabi/lib/armv7e-m/fpu/libc.a
LOAD /usr/local/Cellar/arm-none-eabi-gcc/20150921/bin/../lib/gcc/arm-none-eabi/4.9.3/../../../../arm-none-eabi/lib/armv7e-m/fpu/libnosys.a
END GROUP
OUTPUT(build/adaptive_lighting.elf elf32-littlearm)

.ARM.attributes
                0x0000000000000000       0x33
 .ARM.attributes
                0x0000000000000000       0x25 build/obj/crt0_v7m.o
 .ARM.attributes
                0x0000000000000025       0x25 build/obj/chcoreasm_v7m.o
 .ARM.attributes
                0x000000000000004a       0x37 /var/folders/7h/8jws_1jn39n3rjt_x7ymkxbm0000gn/T//ccucXJuZ.ltrans0.ltrans.o
 .ARM.attributes
                0x0000000000000081       0x37 /var/folders/7h/8jws_1jn39n3rjt_x7ymkxbm0000gn/T//ccucXJuZ.ltrans1.ltrans.o
 .ARM.attributes
                0x00000000000000b8       0x37 /var/folders/7h/8jws_1jn39n3rjt_x7ymkxbm0000gn/T//ccucXJuZ.ltrans2.ltrans.o
 .ARM.attributes
                0x00000000000000ef       0x37 /var/folders/7h/8jws_1jn39n3rjt_x7ymkxbm0000gn/T//ccucXJuZ.ltrans3.ltrans.o

.comment        0x0000000000000000       0x70
 .comment       0x0000000000000000       0x70 /var/folders/7h/8jws_1jn39n3rjt_x7ymkxbm0000gn/T//ccucXJuZ.ltrans0.ltrans.o
                                         0x71 (size before relaxing)
 .comment       0x0000000000000000       0x71 /var/folders/7h/8jws_1jn39n3rjt_x7ymkxbm0000gn/T//ccucXJuZ.ltrans1.ltrans.o
 .comment       0x0000000000000000       0x71 /var/folders/7h/8jws_1jn39n3rjt_x7ymkxbm0000gn/T//ccucXJuZ.ltrans2.ltrans.o
 .comment       0x0000000000000000       0x71 /var/folders/7h/8jws_1jn39n3rjt_x7ymkxbm0000gn/T//ccucXJuZ.ltrans3.ltrans.o

.debug_info     0x0000000000000000     0xcaea
 .debug_info    0x0000000000000000     0x4674 /var/folders/7h/8jws_1jn39n3rjt_x7ymkxbm0000gn/T//ccucXJuZ.ltrans0.ltrans.o
 .debug_info    0x0000000000004674     0x3e25 /var/folders/7h/8jws_1jn39n3rjt_x7ymkxbm0000gn/T//ccucXJuZ.ltrans1.ltrans.o
 .debug_info    0x0000000000008499     0x357c /var/folders/7h/8jws_1jn39n3rjt_x7ymkxbm0000gn/T//ccucXJuZ.ltrans2.ltrans.o
 .debug_info    0x000000000000ba15     0x10d5 /var/folders/7h/8jws_1jn39n3rjt_x7ymkxbm0000gn/T//ccucXJuZ.ltrans3.ltrans.o

.debug_abbrev   0x0000000000000000     0x13dc
 .debug_abbrev  0x0000000000000000      0x6d0 /var/folders/7h/8jws_1jn39n3rjt_x7ymkxbm0000gn/T//ccucXJuZ.ltrans0.ltrans.o
 .debug_abbrev  0x00000000000006d0      0x576 /var/folders/7h/8jws_1jn39n3rjt_x7ymkxbm0000gn/T//ccucXJuZ.ltrans1.ltrans.o
 .debug_abbrev  0x0000000000000c46      0x4bc /var/folders/7h/8jws_1jn39n3rjt_x7ymkxbm0000gn/T//ccucXJuZ.ltrans2.ltrans.o
 .debug_abbrev  0x0000000000001102      0x2da /var/folders/7h/8jws_1jn39n3rjt_x7ymkxbm0000gn/T//ccucXJuZ.ltrans3.ltrans.o

.debug_loc      0x0000000000000000     0x2da7
 .debug_loc     0x0000000000000000     0x1b43 /var/folders/7h/8jws_1jn39n3rjt_x7ymkxbm0000gn/T//ccucXJuZ.ltrans0.ltrans.o
 .debug_loc     0x0000000000001b43      0x509 /var/folders/7h/8jws_1jn39n3rjt_x7ymkxbm0000gn/T//ccucXJuZ.ltrans1.ltrans.o
 .debug_loc     0x000000000000204c      0xa91 /var/folders/7h/8jws_1jn39n3rjt_x7ymkxbm0000gn/T//ccucXJuZ.ltrans2.ltrans.o
 .debug_loc     0x0000000000002add      0x2ca /var/folders/7h/8jws_1jn39n3rjt_x7ymkxbm0000gn/T//ccucXJuZ.ltrans3.ltrans.o

.debug_aranges  0x0000000000000000      0x310
 .debug_aranges
                0x0000000000000000      0x1a0 /var/folders/7h/8jws_1jn39n3rjt_x7ymkxbm0000gn/T//ccucXJuZ.ltrans0.ltrans.o
 .debug_aranges
                0x00000000000001a0       0x30 /var/folders/7h/8jws_1jn39n3rjt_x7ymkxbm0000gn/T//ccucXJuZ.ltrans1.ltrans.o
 .debug_aranges
                0x00000000000001d0      0x100 /var/folders/7h/8jws_1jn39n3rjt_x7ymkxbm0000gn/T//ccucXJuZ.ltrans2.ltrans.o
 .debug_aranges
                0x00000000000002d0       0x40 /var/folders/7h/8jws_1jn39n3rjt_x7ymkxbm0000gn/T//ccucXJuZ.ltrans3.ltrans.o

.debug_ranges   0x0000000000000000     0x1718
 .debug_ranges  0x0000000000000000      0x630 /var/folders/7h/8jws_1jn39n3rjt_x7ymkxbm0000gn/T//ccucXJuZ.ltrans0.ltrans.o
 .debug_ranges  0x0000000000000630      0xd30 /var/folders/7h/8jws_1jn39n3rjt_x7ymkxbm0000gn/T//ccucXJuZ.ltrans1.ltrans.o
 .debug_ranges  0x0000000000001360      0x320 /var/folders/7h/8jws_1jn39n3rjt_x7ymkxbm0000gn/T//ccucXJuZ.ltrans2.ltrans.o
 .debug_ranges  0x0000000000001680       0x98 /var/folders/7h/8jws_1jn39n3rjt_x7ymkxbm0000gn/T//ccucXJuZ.ltrans3.ltrans.o

.debug_line     0x0000000000000000     0x3000
 .debug_line    0x0000000000000000     0x100b /var/folders/7h/8jws_1jn39n3rjt_x7ymkxbm0000gn/T//ccucXJuZ.ltrans0.ltrans.o
 .debug_line    0x000000000000100b      0xf85 /var/folders/7h/8jws_1jn39n3rjt_x7ymkxbm0000gn/T//ccucXJuZ.ltrans1.ltrans.o
 .debug_line    0x0000000000001f90      0xbd1 /var/folders/7h/8jws_1jn39n3rjt_x7ymkxbm0000gn/T//ccucXJuZ.ltrans2.ltrans.o
 .debug_line    0x0000000000002b61      0x49f /var/folders/7h/8jws_1jn39n3rjt_x7ymkxbm0000gn/T//ccucXJuZ.ltrans3.ltrans.o

.debug_str      0x0000000000000000     0x25f3
 .debug_str     0x0000000000000000     0x13e4 /var/folders/7h/8jws_1jn39n3rjt_x7ymkxbm0000gn/T//ccucXJuZ.ltrans0.ltrans.o
                                       0x14bb (size before relaxing)
 .debug_str     0x00000000000013e4      0xe73 /var/folders/7h/8jws_1jn39n3rjt_x7ymkxbm0000gn/T//ccucXJuZ.ltrans1.ltrans.o
                                       0x1bdf (size before relaxing)
 .debug_str     0x0000000000002257      0x30f /var/folders/7h/8jws_1jn39n3rjt_x7ymkxbm0000gn/T//ccucXJuZ.ltrans2.ltrans.o
                                       0x110a (size before relaxing)
 .debug_str     0x0000000000002566       0x8d /var/folders/7h/8jws_1jn39n3rjt_x7ymkxbm0000gn/T//ccucXJuZ.ltrans3.ltrans.o
                                        0xb02 (size before relaxing)

.debug_frame    0x0000000000000000      0x9e0
 .debug_frame   0x0000000000000000      0x508 /var/folders/7h/8jws_1jn39n3rjt_x7ymkxbm0000gn/T//ccucXJuZ.ltrans0.ltrans.o
 .debug_frame   0x0000000000000508       0x78 /var/folders/7h/8jws_1jn39n3rjt_x7ymkxbm0000gn/T//ccucXJuZ.ltrans1.ltrans.o
 .debug_frame   0x0000000000000580      0x3c8 /var/folders/7h/8jws_1jn39n3rjt_x7ymkxbm0000gn/T//ccucXJuZ.ltrans2.ltrans.o
 .debug_frame   0x0000000000000948       0x98 /var/folders/7h/8jws_1jn39n3rjt_x7ymkxbm0000gn/T//ccucXJuZ.ltrans3.ltrans.o

Cross Reference Table

Symbol                                            File
ADCD1                                             /var/folders/7h/8jws_1jn39n3rjt_x7ymkxbm0000gn/T//ccucXJuZ.ltrans1.ltrans.o
                                                  build/obj/adc_lld.o (symbol from plugin)
                                                  /var/folders/7h/8jws_1jn39n3rjt_x7ymkxbm0000gn/T//ccucXJuZ.ltrans2.ltrans.o
ADCD2                                             /var/folders/7h/8jws_1jn39n3rjt_x7ymkxbm0000gn/T//ccucXJuZ.ltrans1.ltrans.o
                                                  build/obj/adc_lld.o (symbol from plugin)
                                                  /var/folders/7h/8jws_1jn39n3rjt_x7ymkxbm0000gn/T//ccucXJuZ.ltrans2.ltrans.o
ADCD3                                             /var/folders/7h/8jws_1jn39n3rjt_x7ymkxbm0000gn/T//ccucXJuZ.ltrans1.ltrans.o
                                                  build/obj/adc_lld.o (symbol from plugin)
                                                  /var/folders/7h/8jws_1jn39n3rjt_x7ymkxbm0000gn/T//ccucXJuZ.ltrans2.ltrans.o
ADCD4                                             /var/folders/7h/8jws_1jn39n3rjt_x7ymkxbm0000gn/T//ccucXJuZ.ltrans1.ltrans.o
                                                  build/obj/adc_lld.o (symbol from plugin)
                                                  /var/folders/7h/8jws_1jn39n3rjt_x7ymkxbm0000gn/T//ccucXJuZ.ltrans2.ltrans.o
BusFault_Handler                                  /var/folders/7h/8jws_1jn39n3rjt_x7ymkxbm0000gn/T//ccucXJuZ.ltrans0.ltrans.o
                                                  build/obj/vectors.o (symbol from plugin)
                                                  /var/folders/7h/8jws_1jn39n3rjt_x7ymkxbm0000gn/T//ccucXJuZ.ltrans1.ltrans.o
CAND1                                             /var/folders/7h/8jws_1jn39n3rjt_x7ymkxbm0000gn/T//ccucXJuZ.ltrans1.ltrans.o
                                                  build/obj/can_lld.o (symbol from plugin)
                                                  /var/folders/7h/8jws_1jn39n3rjt_x7ymkxbm0000gn/T//ccucXJuZ.ltrans2.ltrans.o
DMA_ClearFlag                                     build/obj/stm32f30x_dma.o (symbol from plugin)
DMA_ClearITPendingBit                             build/obj/stm32f30x_dma.o (symbol from plugin)
DMA_Cmd                                           build/obj/stm32f30x_dma.o (symbol from plugin)
DMA_DeInit                                        build/obj/stm32f30x_dma.o (symbol from plugin)
DMA_GetCurrDataCounter                            build/obj/stm32f30x_dma.o (symbol from plugin)
DMA_GetFlagStatus                                 build/obj/stm32f30x_dma.o (symbol from plugin)
DMA_GetITStatus                                   build/obj/stm32f30x_dma.o (symbol from plugin)
DMA_ITConfig                                      build/obj/stm32f30x_dma.o (symbol from plugin)
DMA_Init                                          build/obj/stm32f30x_dma.o (symbol from plugin)
DMA_SetCurrDataCounter                            build/obj/stm32f30x_dma.o (symbol from plugin)
DMA_StructInit                                    build/obj/stm32f30x_dma.o (symbol from plugin)
DebugMon_Handler                                  /var/folders/7h/8jws_1jn39n3rjt_x7ymkxbm0000gn/T//ccucXJuZ.ltrans0.ltrans.o
                                                  build/obj/vectors.o (symbol from plugin)
                                                  /var/folders/7h/8jws_1jn39n3rjt_x7ymkxbm0000gn/T//ccucXJuZ.ltrans1.ltrans.o
EXTD1                                             /var/folders/7h/8jws_1jn39n3rjt_x7ymkxbm0000gn/T//ccucXJuZ.ltrans1.ltrans.o
                                                  build/obj/ext_lld.o (symbol from plugin)
                                                  /var/folders/7h/8jws_1jn39n3rjt_x7ymkxbm0000gn/T//ccucXJuZ.ltrans2.ltrans.o
                                                  build/obj/ext_lld_isr.o (symbol from plugin)
FLASH_ClearFlag                                   build/obj/stm32f30x_flash.o (symbol from plugin)
FLASH_EraseAllPages                               build/obj/stm32f30x_flash.o (symbol from plugin)
FLASH_ErasePage                                   build/obj/stm32f30x_flash.o (symbol from plugin)
FLASH_GetFlagStatus                               build/obj/stm32f30x_flash.o (symbol from plugin)
FLASH_GetStatus                                   build/obj/stm32f30x_flash.o (symbol from plugin)
FLASH_HalfCycleAccessCmd                          build/obj/stm32f30x_flash.o (symbol from plugin)
FLASH_ITConfig                                    build/obj/stm32f30x_flash.o (symbol from plugin)
FLASH_Lock                                        build/obj/stm32f30x_flash.o (symbol from plugin)
FLASH_OB_BOOTConfig                               build/obj/stm32f30x_flash.o (symbol from plugin)
FLASH_OB_EnableWRP                                build/obj/stm32f30x_flash.o (symbol from plugin)
FLASH_OB_Erase                                    build/obj/stm32f30x_flash.o (symbol from plugin)
FLASH_OB_GetRDP                                   build/obj/stm32f30x_flash.o (symbol from plugin)
FLASH_OB_GetUser                                  build/obj/stm32f30x_flash.o (symbol from plugin)
FLASH_OB_GetWRP                                   build/obj/stm32f30x_flash.o (symbol from plugin)
FLASH_OB_Launch                                   build/obj/stm32f30x_flash.o (symbol from plugin)
FLASH_OB_Lock                                     build/obj/stm32f30x_flash.o (symbol from plugin)
FLASH_OB_RDPConfig                                build/obj/stm32f30x_flash.o (symbol from plugin)
FLASH_OB_SRAMParityConfig                         build/obj/stm32f30x_flash.o (symbol from plugin)
FLASH_OB_Unlock                                   build/obj/stm32f30x_flash.o (symbol from plugin)
FLASH_OB_UserConfig                               build/obj/stm32f30x_flash.o (symbol from plugin)
FLASH_OB_VDDAConfig                               build/obj/stm32f30x_flash.o (symbol from plugin)
FLASH_OB_WriteUser                                build/obj/stm32f30x_flash.o (symbol from plugin)
FLASH_PrefetchBufferCmd                           build/obj/stm32f30x_flash.o (symbol from plugin)
FLASH_ProgramHalfWord                             build/obj/stm32f30x_flash.o (symbol from plugin)
FLASH_ProgramOptionByteData                       build/obj/stm32f30x_flash.o (symbol from plugin)
FLASH_ProgramWord                                 build/obj/stm32f30x_flash.o (symbol from plugin)
FLASH_SetLatency                                  build/obj/stm32f30x_flash.o (symbol from plugin)
FLASH_Unlock                                      build/obj/stm32f30x_flash.o (symbol from plugin)
FLASH_WaitForLastOperation                        build/obj/stm32f30x_flash.o (symbol from plugin)
HardFault_Handler                                 /var/folders/7h/8jws_1jn39n3rjt_x7ymkxbm0000gn/T//ccucXJuZ.ltrans0.ltrans.o
                                                  build/obj/vectors.o (symbol from plugin)
                                                  /var/folders/7h/8jws_1jn39n3rjt_x7ymkxbm0000gn/T//ccucXJuZ.ltrans1.ltrans.o
I2CD1                                             /var/folders/7h/8jws_1jn39n3rjt_x7ymkxbm0000gn/T//ccucXJuZ.ltrans3.ltrans.o
                                                  build/obj/i2c_lld.o (symbol from plugin)
                                                  /var/folders/7h/8jws_1jn39n3rjt_x7ymkxbm0000gn/T//ccucXJuZ.ltrans2.ltrans.o
                                                  /var/folders/7h/8jws_1jn39n3rjt_x7ymkxbm0000gn/T//ccucXJuZ.ltrans1.ltrans.o
MemManage_Handler                                 /var/folders/7h/8jws_1jn39n3rjt_x7ymkxbm0000gn/T//ccucXJuZ.ltrans0.ltrans.o
                                                  build/obj/vectors.o (symbol from plugin)
                                                  /var/folders/7h/8jws_1jn39n3rjt_x7ymkxbm0000gn/T//ccucXJuZ.ltrans1.ltrans.o
NMI_Handler                                       /var/folders/7h/8jws_1jn39n3rjt_x7ymkxbm0000gn/T//ccucXJuZ.ltrans0.ltrans.o
                                                  build/obj/vectors.o (symbol from plugin)
                                                  /var/folders/7h/8jws_1jn39n3rjt_x7ymkxbm0000gn/T//ccucXJuZ.ltrans1.ltrans.o
PWMD2                                             /var/folders/7h/8jws_1jn39n3rjt_x7ymkxbm0000gn/T//ccucXJuZ.ltrans1.ltrans.o
                                                  build/obj/pwm_lld.o (symbol from plugin)
                                                  /var/folders/7h/8jws_1jn39n3rjt_x7ymkxbm0000gn/T//ccucXJuZ.ltrans2.ltrans.o
PendSV_Handler                                    /var/folders/7h/8jws_1jn39n3rjt_x7ymkxbm0000gn/T//ccucXJuZ.ltrans0.ltrans.o
                                                  build/obj/vectors.o (symbol from plugin)
                                                  /var/folders/7h/8jws_1jn39n3rjt_x7ymkxbm0000gn/T//ccucXJuZ.ltrans1.ltrans.o
RCC_ADCCLKConfig                                  build/obj/stm32f30x_rcc.o (symbol from plugin)
RCC_AHBPeriphClockCmd                             build/obj/stm32f30x_rcc.o (symbol from plugin)
RCC_AHBPeriphResetCmd                             build/obj/stm32f30x_rcc.o (symbol from plugin)
RCC_APB1PeriphClockCmd                            build/obj/stm32f30x_rcc.o (symbol from plugin)
RCC_APB1PeriphResetCmd                            build/obj/stm32f30x_rcc.o (symbol from plugin)
                                                  build/obj/stm32f30x_tim.o (symbol from plugin)
RCC_APB2PeriphClockCmd                            build/obj/stm32f30x_rcc.o (symbol from plugin)
RCC_APB2PeriphResetCmd                            build/obj/stm32f30x_rcc.o (symbol from plugin)
                                                  build/obj/stm32f30x_tim.o (symbol from plugin)
RCC_AdjustHSICalibrationValue                     build/obj/stm32f30x_rcc.o (symbol from plugin)
RCC_BackupResetCmd                                build/obj/stm32f30x_rcc.o (symbol from plugin)
RCC_ClearFlag                                     build/obj/stm32f30x_rcc.o (symbol from plugin)
RCC_ClearITPendingBit                             build/obj/stm32f30x_rcc.o (symbol from plugin)
RCC_ClockSecuritySystemCmd                        build/obj/stm32f30x_rcc.o (symbol from plugin)
RCC_DeInit                                        build/obj/stm32f30x_rcc.o (symbol from plugin)
RCC_GetClocksFreq                                 build/obj/stm32f30x_rcc.o (symbol from plugin)
RCC_GetFlagStatus                                 build/obj/stm32f30x_rcc.o (symbol from plugin)
RCC_GetITStatus                                   build/obj/stm32f30x_rcc.o (symbol from plugin)
RCC_GetSYSCLKSource                               build/obj/stm32f30x_rcc.o (symbol from plugin)
RCC_HCLKConfig                                    build/obj/stm32f30x_rcc.o (symbol from plugin)
RCC_HRTIM1CLKConfig                               build/obj/stm32f30x_rcc.o (symbol from plugin)
RCC_HSEConfig                                     build/obj/stm32f30x_rcc.o (symbol from plugin)
RCC_HSICmd                                        build/obj/stm32f30x_rcc.o (symbol from plugin)
RCC_I2CCLKConfig                                  build/obj/stm32f30x_rcc.o (symbol from plugin)
RCC_I2SCLKConfig                                  build/obj/stm32f30x_rcc.o (symbol from plugin)
RCC_ITConfig                                      build/obj/stm32f30x_rcc.o (symbol from plugin)
RCC_LSEConfig                                     build/obj/stm32f30x_rcc.o (symbol from plugin)
RCC_LSEDriveConfig                                build/obj/stm32f30x_rcc.o (symbol from plugin)
RCC_LSICmd                                        build/obj/stm32f30x_rcc.o (symbol from plugin)
RCC_MCOConfig                                     build/obj/stm32f30x_rcc.o (symbol from plugin)
RCC_PCLK1Config                                   build/obj/stm32f30x_rcc.o (symbol from plugin)
RCC_PCLK2Config                                   build/obj/stm32f30x_rcc.o (symbol from plugin)
RCC_PLLCmd                                        build/obj/stm32f30x_rcc.o (symbol from plugin)
RCC_PLLConfig                                     build/obj/stm32f30x_rcc.o (symbol from plugin)
RCC_PREDIV1Config                                 build/obj/stm32f30x_rcc.o (symbol from plugin)
RCC_RTCCLKCmd                                     build/obj/stm32f30x_rcc.o (symbol from plugin)
RCC_RTCCLKConfig                                  build/obj/stm32f30x_rcc.o (symbol from plugin)
RCC_SYSCLKConfig                                  build/obj/stm32f30x_rcc.o (symbol from plugin)
RCC_TIMCLKConfig                                  build/obj/stm32f30x_rcc.o (symbol from plugin)
RCC_USARTCLKConfig                                build/obj/stm32f30x_rcc.o (symbol from plugin)
RCC_USBCLKConfig                                  build/obj/stm32f30x_rcc.o (symbol from plugin)
RCC_WaitForHSEStartUp                             build/obj/stm32f30x_rcc.o (symbol from plugin)
Reset_Handler                                     build/obj/crt0_v7m.o
                                                  /var/folders/7h/8jws_1jn39n3rjt_x7ymkxbm0000gn/T//ccucXJuZ.ltrans1.ltrans.o
                                                  build/obj/vectors.o (symbol from plugin)
SD1                                               /var/folders/7h/8jws_1jn39n3rjt_x7ymkxbm0000gn/T//ccucXJuZ.ltrans1.ltrans.o
                                                  build/obj/serial_lld.o (symbol from plugin)
                                                  /var/folders/7h/8jws_1jn39n3rjt_x7ymkxbm0000gn/T//ccucXJuZ.ltrans2.ltrans.o
SPID1                                             build/obj/spi_lld.o (symbol from plugin)
SVC_Handler                                       /var/folders/7h/8jws_1jn39n3rjt_x7ymkxbm0000gn/T//ccucXJuZ.ltrans0.ltrans.o
                                                  build/obj/chcore_v7m.o (symbol from plugin)
                                                  build/obj/vectors.o (symbol from plugin)
                                                  /var/folders/7h/8jws_1jn39n3rjt_x7ymkxbm0000gn/T//ccucXJuZ.ltrans1.ltrans.o
SysTick_Handler                                   /var/folders/7h/8jws_1jn39n3rjt_x7ymkxbm0000gn/T//ccucXJuZ.ltrans0.ltrans.o
                                                  build/obj/st_lld.o (symbol from plugin)
                                                  build/obj/vectors.o (symbol from plugin)
                                                  /var/folders/7h/8jws_1jn39n3rjt_x7ymkxbm0000gn/T//ccucXJuZ.ltrans1.ltrans.o
SystemCoreClock                                   build/obj/hal_lld.o (symbol from plugin)
TIM_ARRPreloadConfig                              build/obj/stm32f30x_tim.o (symbol from plugin)
TIM_BDTRConfig                                    build/obj/stm32f30x_tim.o (symbol from plugin)
TIM_BDTRStructInit                                build/obj/stm32f30x_tim.o (symbol from plugin)
TIM_Break1Cmd                                     build/obj/stm32f30x_tim.o (symbol from plugin)
TIM_Break1Config                                  build/obj/stm32f30x_tim.o (symbol from plugin)
TIM_Break2Cmd                                     build/obj/stm32f30x_tim.o (symbol from plugin)
TIM_Break2Config                                  build/obj/stm32f30x_tim.o (symbol from plugin)
TIM_CCPreloadControl                              build/obj/stm32f30x_tim.o (symbol from plugin)
TIM_CCxCmd                                        build/obj/stm32f30x_tim.o (symbol from plugin)
TIM_CCxNCmd                                       build/obj/stm32f30x_tim.o (symbol from plugin)
TIM_ClearFlag                                     build/obj/stm32f30x_tim.o (symbol from plugin)
TIM_ClearITPendingBit                             build/obj/stm32f30x_tim.o (symbol from plugin)
TIM_ClearOC1Ref                                   build/obj/stm32f30x_tim.o (symbol from plugin)
TIM_ClearOC2Ref                                   build/obj/stm32f30x_tim.o (symbol from plugin)
TIM_ClearOC3Ref                                   build/obj/stm32f30x_tim.o (symbol from plugin)
TIM_ClearOC4Ref                                   build/obj/stm32f30x_tim.o (symbol from plugin)
TIM_ClearOC5Ref                                   build/obj/stm32f30x_tim.o (symbol from plugin)
TIM_ClearOC6Ref                                   build/obj/stm32f30x_tim.o (symbol from plugin)
TIM_Cmd                                           build/obj/stm32f30x_tim.o (symbol from plugin)
TIM_CounterModeConfig                             build/obj/stm32f30x_tim.o (symbol from plugin)
TIM_CtrlPWMOutputs                                build/obj/stm32f30x_tim.o (symbol from plugin)
TIM_DMACmd                                        build/obj/stm32f30x_tim.o (symbol from plugin)
TIM_DMAConfig                                     build/obj/stm32f30x_tim.o (symbol from plugin)
TIM_DeInit                                        build/obj/stm32f30x_tim.o (symbol from plugin)
TIM_ETRClockMode1Config                           build/obj/stm32f30x_tim.o (symbol from plugin)
TIM_ETRClockMode2Config                           build/obj/stm32f30x_tim.o (symbol from plugin)
TIM_ETRConfig                                     build/obj/stm32f30x_tim.o (symbol from plugin)
TIM_EncoderInterfaceConfig                        build/obj/stm32f30x_tim.o (symbol from plugin)
TIM_ForcedOC1Config                               build/obj/stm32f30x_tim.o (symbol from plugin)
TIM_ForcedOC2Config                               build/obj/stm32f30x_tim.o (symbol from plugin)
TIM_ForcedOC3Config                               build/obj/stm32f30x_tim.o (symbol from plugin)
TIM_ForcedOC4Config                               build/obj/stm32f30x_tim.o (symbol from plugin)
TIM_ForcedOC5Config                               build/obj/stm32f30x_tim.o (symbol from plugin)
TIM_ForcedOC6Config                               build/obj/stm32f30x_tim.o (symbol from plugin)
TIM_GenerateEvent                                 build/obj/stm32f30x_tim.o (symbol from plugin)
TIM_GetCapture1                                   build/obj/stm32f30x_tim.o (symbol from plugin)
TIM_GetCapture2                                   build/obj/stm32f30x_tim.o (symbol from plugin)
TIM_GetCapture3                                   build/obj/stm32f30x_tim.o (symbol from plugin)
TIM_GetCapture4                                   build/obj/stm32f30x_tim.o (symbol from plugin)
TIM_GetCounter                                    build/obj/stm32f30x_tim.o (symbol from plugin)
TIM_GetFlagStatus                                 build/obj/stm32f30x_tim.o (symbol from plugin)
TIM_GetITStatus                                   build/obj/stm32f30x_tim.o (symbol from plugin)
TIM_GetPrescaler                                  build/obj/stm32f30x_tim.o (symbol from plugin)
TIM_ICInit                                        build/obj/stm32f30x_tim.o (symbol from plugin)
TIM_ICStructInit                                  build/obj/stm32f30x_tim.o (symbol from plugin)
TIM_ITConfig                                      build/obj/stm32f30x_tim.o (symbol from plugin)
TIM_ITRxExternalClockConfig                       build/obj/stm32f30x_tim.o (symbol from plugin)
TIM_InternalClockConfig                           build/obj/stm32f30x_tim.o (symbol from plugin)
TIM_OC1FastConfig                                 build/obj/stm32f30x_tim.o (symbol from plugin)
TIM_OC1Init                                       build/obj/stm32f30x_tim.o (symbol from plugin)
TIM_OC1NPolarityConfig                            build/obj/stm32f30x_tim.o (symbol from plugin)
TIM_OC1PolarityConfig                             build/obj/stm32f30x_tim.o (symbol from plugin)
TIM_OC1PreloadConfig                              build/obj/stm32f30x_tim.o (symbol from plugin)
TIM_OC2FastConfig                                 build/obj/stm32f30x_tim.o (symbol from plugin)
TIM_OC2Init                                       build/obj/stm32f30x_tim.o (symbol from plugin)
TIM_OC2NPolarityConfig                            build/obj/stm32f30x_tim.o (symbol from plugin)
TIM_OC2PolarityConfig                             build/obj/stm32f30x_tim.o (symbol from plugin)
TIM_OC2PreloadConfig                              build/obj/stm32f30x_tim.o (symbol from plugin)
TIM_OC3FastConfig                                 build/obj/stm32f30x_tim.o (symbol from plugin)
TIM_OC3Init                                       build/obj/stm32f30x_tim.o (symbol from plugin)
TIM_OC3NPolarityConfig                            build/obj/stm32f30x_tim.o (symbol from plugin)
TIM_OC3PolarityConfig                             build/obj/stm32f30x_tim.o (symbol from plugin)
TIM_OC3PreloadConfig                              build/obj/stm32f30x_tim.o (symbol from plugin)
TIM_OC4FastConfig                                 build/obj/stm32f30x_tim.o (symbol from plugin)
TIM_OC4Init                                       build/obj/stm32f30x_tim.o (symbol from plugin)
TIM_OC4PolarityConfig                             build/obj/stm32f30x_tim.o (symbol from plugin)
TIM_OC4PreloadConfig                              build/obj/stm32f30x_tim.o (symbol from plugin)
TIM_OC5Init                                       build/obj/stm32f30x_tim.o (symbol from plugin)
TIM_OC5PolarityConfig                             build/obj/stm32f30x_tim.o (symbol from plugin)
TIM_OC5PreloadConfig                              build/obj/stm32f30x_tim.o (symbol from plugin)
TIM_OC6Init                                       build/obj/stm32f30x_tim.o (symbol from plugin)
TIM_OC6PolarityConfig                             build/obj/stm32f30x_tim.o (symbol from plugin)
TIM_OC6PreloadConfig                              build/obj/stm32f30x_tim.o (symbol from plugin)
TIM_OCStructInit                                  build/obj/stm32f30x_tim.o (symbol from plugin)
TIM_PWMIConfig                                    build/obj/stm32f30x_tim.o (symbol from plugin)
TIM_PrescalerConfig                               build/obj/stm32f30x_tim.o (symbol from plugin)
TIM_RemapConfig                                   build/obj/stm32f30x_tim.o (symbol from plugin)
TIM_SelectCCDMA                                   build/obj/stm32f30x_tim.o (symbol from plugin)
TIM_SelectCOM                                     build/obj/stm32f30x_tim.o (symbol from plugin)
TIM_SelectGC5C1                                   build/obj/stm32f30x_tim.o (symbol from plugin)
TIM_SelectGC5C2                                   build/obj/stm32f30x_tim.o (symbol from plugin)
TIM_SelectGC5C3                                   build/obj/stm32f30x_tim.o (symbol from plugin)
TIM_SelectHallSensor                              build/obj/stm32f30x_tim.o (symbol from plugin)
TIM_SelectInputTrigger                            build/obj/stm32f30x_tim.o (symbol from plugin)
TIM_SelectMasterSlaveMode                         build/obj/stm32f30x_tim.o (symbol from plugin)
TIM_SelectOCREFClear                              build/obj/stm32f30x_tim.o (symbol from plugin)
TIM_SelectOCxM                                    build/obj/stm32f30x_tim.o (symbol from plugin)
TIM_SelectOnePulseMode                            build/obj/stm32f30x_tim.o (symbol from plugin)
TIM_SelectOutputTrigger                           build/obj/stm32f30x_tim.o (symbol from plugin)
TIM_SelectOutputTrigger2                          build/obj/stm32f30x_tim.o (symbol from plugin)
TIM_SelectSlaveMode                               build/obj/stm32f30x_tim.o (symbol from plugin)
TIM_SetAutoreload                                 build/obj/stm32f30x_tim.o (symbol from plugin)
TIM_SetClockDivision                              build/obj/stm32f30x_tim.o (symbol from plugin)
TIM_SetCompare1                                   build/obj/stm32f30x_tim.o (symbol from plugin)
TIM_SetCompare2                                   build/obj/stm32f30x_tim.o (symbol from plugin)
TIM_SetCompare3                                   build/obj/stm32f30x_tim.o (symbol from plugin)
TIM_SetCompare4                                   build/obj/stm32f30x_tim.o (symbol from plugin)
TIM_SetCompare5                                   build/obj/stm32f30x_tim.o (symbol from plugin)
TIM_SetCompare6                                   build/obj/stm32f30x_tim.o (symbol from plugin)
TIM_SetCounter                                    build/obj/stm32f30x_tim.o (symbol from plugin)
TIM_SetIC1Prescaler                               build/obj/stm32f30x_tim.o (symbol from plugin)
TIM_SetIC2Prescaler                               build/obj/stm32f30x_tim.o (symbol from plugin)
TIM_SetIC3Prescaler                               build/obj/stm32f30x_tim.o (symbol from plugin)
TIM_SetIC4Prescaler                               build/obj/stm32f30x_tim.o (symbol from plugin)
TIM_TIxExternalClockConfig                        build/obj/stm32f30x_tim.o (symbol from plugin)
TIM_TimeBaseInit                                  build/obj/stm32f30x_tim.o (symbol from plugin)
TIM_TimeBaseStructInit                            build/obj/stm32f30x_tim.o (symbol from plugin)
TIM_UIFRemap                                      build/obj/stm32f30x_tim.o (symbol from plugin)
TIM_UpdateDisableConfig                           build/obj/stm32f30x_tim.o (symbol from plugin)
TIM_UpdateRequestConfig                           build/obj/stm32f30x_tim.o (symbol from plugin)
TestThread                                        build/obj/test.o (symbol from plugin)
USBD1                                             build/obj/usb_lld.o (symbol from plugin)
UsageFault_Handler                                /var/folders/7h/8jws_1jn39n3rjt_x7ymkxbm0000gn/T//ccucXJuZ.ltrans0.ltrans.o
                                                  build/obj/vectors.o (symbol from plugin)
                                                  /var/folders/7h/8jws_1jn39n3rjt_x7ymkxbm0000gn/T//ccucXJuZ.ltrans1.ltrans.o
Vector100                                         /var/folders/7h/8jws_1jn39n3rjt_x7ymkxbm0000gn/T//ccucXJuZ.ltrans0.ltrans.o
                                                  build/obj/vectors.o (symbol from plugin)
                                                  /var/folders/7h/8jws_1jn39n3rjt_x7ymkxbm0000gn/T//ccucXJuZ.ltrans1.ltrans.o
Vector104                                         /var/folders/7h/8jws_1jn39n3rjt_x7ymkxbm0000gn/T//ccucXJuZ.ltrans0.ltrans.o
                                                  build/obj/vectors.o (symbol from plugin)
                                                  /var/folders/7h/8jws_1jn39n3rjt_x7ymkxbm0000gn/T//ccucXJuZ.ltrans1.ltrans.o
Vector108                                         /var/folders/7h/8jws_1jn39n3rjt_x7ymkxbm0000gn/T//ccucXJuZ.ltrans0.ltrans.o
                                                  build/obj/vectors.o (symbol from plugin)
                                                  /var/folders/7h/8jws_1jn39n3rjt_x7ymkxbm0000gn/T//ccucXJuZ.ltrans1.ltrans.o
Vector10C                                         /var/folders/7h/8jws_1jn39n3rjt_x7ymkxbm0000gn/T//ccucXJuZ.ltrans0.ltrans.o
                                                  build/obj/vectors.o (symbol from plugin)
                                                  /var/folders/7h/8jws_1jn39n3rjt_x7ymkxbm0000gn/T//ccucXJuZ.ltrans1.ltrans.o
Vector110                                         /var/folders/7h/8jws_1jn39n3rjt_x7ymkxbm0000gn/T//ccucXJuZ.ltrans0.ltrans.o
                                                  build/obj/vectors.o (symbol from plugin)
                                                  /var/folders/7h/8jws_1jn39n3rjt_x7ymkxbm0000gn/T//ccucXJuZ.ltrans1.ltrans.o
Vector114                                         /var/folders/7h/8jws_1jn39n3rjt_x7ymkxbm0000gn/T//ccucXJuZ.ltrans0.ltrans.o
                                                  build/obj/vectors.o (symbol from plugin)
                                                  /var/folders/7h/8jws_1jn39n3rjt_x7ymkxbm0000gn/T//ccucXJuZ.ltrans1.ltrans.o
Vector118                                         /var/folders/7h/8jws_1jn39n3rjt_x7ymkxbm0000gn/T//ccucXJuZ.ltrans0.ltrans.o
                                                  build/obj/vectors.o (symbol from plugin)
                                                  /var/folders/7h/8jws_1jn39n3rjt_x7ymkxbm0000gn/T//ccucXJuZ.ltrans1.ltrans.o
Vector11C                                         /var/folders/7h/8jws_1jn39n3rjt_x7ymkxbm0000gn/T//ccucXJuZ.ltrans0.ltrans.o
                                                  build/obj/vectors.o (symbol from plugin)
                                                  /var/folders/7h/8jws_1jn39n3rjt_x7ymkxbm0000gn/T//ccucXJuZ.ltrans1.ltrans.o
Vector120                                         /var/folders/7h/8jws_1jn39n3rjt_x7ymkxbm0000gn/T//ccucXJuZ.ltrans0.ltrans.o
                                                  build/obj/stm32_dma.o (symbol from plugin)
                                                  build/obj/vectors.o (symbol from plugin)
                                                  /var/folders/7h/8jws_1jn39n3rjt_x7ymkxbm0000gn/T//ccucXJuZ.ltrans1.ltrans.o
Vector124                                         /var/folders/7h/8jws_1jn39n3rjt_x7ymkxbm0000gn/T//ccucXJuZ.ltrans0.ltrans.o
                                                  build/obj/stm32_dma.o (symbol from plugin)
                                                  build/obj/vectors.o (symbol from plugin)
                                                  /var/folders/7h/8jws_1jn39n3rjt_x7ymkxbm0000gn/T//ccucXJuZ.ltrans1.ltrans.o
Vector128                                         /var/folders/7h/8jws_1jn39n3rjt_x7ymkxbm0000gn/T//ccucXJuZ.ltrans0.ltrans.o
                                                  build/obj/stm32_dma.o (symbol from plugin)
                                                  build/obj/vectors.o (symbol from plugin)
                                                  /var/folders/7h/8jws_1jn39n3rjt_x7ymkxbm0000gn/T//ccucXJuZ.ltrans1.ltrans.o
Vector12C                                         /var/folders/7h/8jws_1jn39n3rjt_x7ymkxbm0000gn/T//ccucXJuZ.ltrans0.ltrans.o
                                                  build/obj/stm32_dma.o (symbol from plugin)
                                                  build/obj/vectors.o (symbol from plugin)
                                                  /var/folders/7h/8jws_1jn39n3rjt_x7ymkxbm0000gn/T//ccucXJuZ.ltrans1.ltrans.o
Vector130                                         /var/folders/7h/8jws_1jn39n3rjt_x7ymkxbm0000gn/T//ccucXJuZ.ltrans0.ltrans.o
                                                  build/obj/stm32_dma.o (symbol from plugin)
                                                  build/obj/vectors.o (symbol from plugin)
                                                  /var/folders/7h/8jws_1jn39n3rjt_x7ymkxbm0000gn/T//ccucXJuZ.ltrans1.ltrans.o
Vector134                                         /var/folders/7h/8jws_1jn39n3rjt_x7ymkxbm0000gn/T//ccucXJuZ.ltrans2.ltrans.o
                                                  build/obj/adc_lld.o (symbol from plugin)
                                                  build/obj/vectors.o (symbol from plugin)
                                                  /var/folders/7h/8jws_1jn39n3rjt_x7ymkxbm0000gn/T//ccucXJuZ.ltrans1.ltrans.o
Vector138                                         /var/folders/7h/8jws_1jn39n3rjt_x7ymkxbm0000gn/T//ccucXJuZ.ltrans0.ltrans.o
                                                  build/obj/vectors.o (symbol from plugin)
                                                  /var/folders/7h/8jws_1jn39n3rjt_x7ymkxbm0000gn/T//ccucXJuZ.ltrans1.ltrans.o
Vector13C                                         /var/folders/7h/8jws_1jn39n3rjt_x7ymkxbm0000gn/T//ccucXJuZ.ltrans0.ltrans.o
                                                  build/obj/vectors.o (symbol from plugin)
                                                  /var/folders/7h/8jws_1jn39n3rjt_x7ymkxbm0000gn/T//ccucXJuZ.ltrans1.ltrans.o
Vector140                                         /var/folders/7h/8jws_1jn39n3rjt_x7ymkxbm0000gn/T//ccucXJuZ.ltrans2.ltrans.o
                                                  build/obj/ext_lld_isr.o (symbol from plugin)
                                                  build/obj/vectors.o (symbol from plugin)
                                                  /var/folders/7h/8jws_1jn39n3rjt_x7ymkxbm0000gn/T//ccucXJuZ.ltrans1.ltrans.o
Vector144                                         /var/folders/7h/8jws_1jn39n3rjt_x7ymkxbm0000gn/T//ccucXJuZ.ltrans2.ltrans.o
                                                  build/obj/ext_lld_isr.o (symbol from plugin)
                                                  build/obj/vectors.o (symbol from plugin)
                                                  /var/folders/7h/8jws_1jn39n3rjt_x7ymkxbm0000gn/T//ccucXJuZ.ltrans1.ltrans.o
Vector148                                         /var/folders/7h/8jws_1jn39n3rjt_x7ymkxbm0000gn/T//ccucXJuZ.ltrans2.ltrans.o
                                                  build/obj/ext_lld_isr.o (symbol from plugin)
                                                  build/obj/vectors.o (symbol from plugin)
                                                  /var/folders/7h/8jws_1jn39n3rjt_x7ymkxbm0000gn/T//ccucXJuZ.ltrans1.ltrans.o
Vector14C                                         /var/folders/7h/8jws_1jn39n3rjt_x7ymkxbm0000gn/T//ccucXJuZ.ltrans0.ltrans.o
                                                  build/obj/vectors.o (symbol from plugin)
                                                  /var/folders/7h/8jws_1jn39n3rjt_x7ymkxbm0000gn/T//ccucXJuZ.ltrans1.ltrans.o
Vector150                                         /var/folders/7h/8jws_1jn39n3rjt_x7ymkxbm0000gn/T//ccucXJuZ.ltrans0.ltrans.o
                                                  build/obj/vectors.o (symbol from plugin)
                                                  /var/folders/7h/8jws_1jn39n3rjt_x7ymkxbm0000gn/T//ccucXJuZ.ltrans1.ltrans.o
Vector154                                         /var/folders/7h/8jws_1jn39n3rjt_x7ymkxbm0000gn/T//ccucXJuZ.ltrans0.ltrans.o
                                                  build/obj/vectors.o (symbol from plugin)
                                                  /var/folders/7h/8jws_1jn39n3rjt_x7ymkxbm0000gn/T//ccucXJuZ.ltrans1.ltrans.o
Vector158                                         /var/folders/7h/8jws_1jn39n3rjt_x7ymkxbm0000gn/T//ccucXJuZ.ltrans0.ltrans.o
                                                  build/obj/vectors.o (symbol from plugin)
                                                  /var/folders/7h/8jws_1jn39n3rjt_x7ymkxbm0000gn/T//ccucXJuZ.ltrans1.ltrans.o
Vector15C                                         /var/folders/7h/8jws_1jn39n3rjt_x7ymkxbm0000gn/T//ccucXJuZ.ltrans0.ltrans.o
                                                  build/obj/vectors.o (symbol from plugin)
                                                  /var/folders/7h/8jws_1jn39n3rjt_x7ymkxbm0000gn/T//ccucXJuZ.ltrans1.ltrans.o
Vector160                                         /var/folders/7h/8jws_1jn39n3rjt_x7ymkxbm0000gn/T//ccucXJuZ.ltrans0.ltrans.o
                                                  build/obj/vectors.o (symbol from plugin)
                                                  /var/folders/7h/8jws_1jn39n3rjt_x7ymkxbm0000gn/T//ccucXJuZ.ltrans1.ltrans.o
Vector164                                         /var/folders/7h/8jws_1jn39n3rjt_x7ymkxbm0000gn/T//ccucXJuZ.ltrans0.ltrans.o
                                                  build/obj/vectors.o (symbol from plugin)
                                                  /var/folders/7h/8jws_1jn39n3rjt_x7ymkxbm0000gn/T//ccucXJuZ.ltrans1.ltrans.o
Vector168                                         /var/folders/7h/8jws_1jn39n3rjt_x7ymkxbm0000gn/T//ccucXJuZ.ltrans0.ltrans.o
                                                  build/obj/vectors.o (symbol from plugin)
                                                  /var/folders/7h/8jws_1jn39n3rjt_x7ymkxbm0000gn/T//ccucXJuZ.ltrans1.ltrans.o
Vector16C                                         build/obj/usb_lld.o (symbol from plugin)
                                                  build/obj/vectors.o (symbol from plugin)
Vector170                                         /var/folders/7h/8jws_1jn39n3rjt_x7ymkxbm0000gn/T//ccucXJuZ.ltrans0.ltrans.o
                                                  build/obj/vectors.o (symbol from plugin)
                                                  /var/folders/7h/8jws_1jn39n3rjt_x7ymkxbm0000gn/T//ccucXJuZ.ltrans1.ltrans.o
Vector174                                         /var/folders/7h/8jws_1jn39n3rjt_x7ymkxbm0000gn/T//ccucXJuZ.ltrans0.ltrans.o
                                                  build/obj/vectors.o (symbol from plugin)
                                                  /var/folders/7h/8jws_1jn39n3rjt_x7ymkxbm0000gn/T//ccucXJuZ.ltrans1.ltrans.o
Vector178                                         /var/folders/7h/8jws_1jn39n3rjt_x7ymkxbm0000gn/T//ccucXJuZ.ltrans0.ltrans.o
                                                  build/obj/vectors.o (symbol from plugin)
                                                  /var/folders/7h/8jws_1jn39n3rjt_x7ymkxbm0000gn/T//ccucXJuZ.ltrans1.ltrans.o
Vector17C                                         /var/folders/7h/8jws_1jn39n3rjt_x7ymkxbm0000gn/T//ccucXJuZ.ltrans0.ltrans.o
                                                  build/obj/vectors.o (symbol from plugin)
                                                  /var/folders/7h/8jws_1jn39n3rjt_x7ymkxbm0000gn/T//ccucXJuZ.ltrans1.ltrans.o
Vector180                                         /var/folders/7h/8jws_1jn39n3rjt_x7ymkxbm0000gn/T//ccucXJuZ.ltrans0.ltrans.o
                                                  build/obj/vectors.o (symbol from plugin)
                                                  /var/folders/7h/8jws_1jn39n3rjt_x7ymkxbm0000gn/T//ccucXJuZ.ltrans1.ltrans.o
Vector184                                         /var/folders/7h/8jws_1jn39n3rjt_x7ymkxbm0000gn/T//ccucXJuZ.ltrans0.ltrans.o
                                                  build/obj/vectors.o (symbol from plugin)
                                                  /var/folders/7h/8jws_1jn39n3rjt_x7ymkxbm0000gn/T//ccucXJuZ.ltrans1.ltrans.o
Vector188                                         /var/folders/7h/8jws_1jn39n3rjt_x7ymkxbm0000gn/T//ccucXJuZ.ltrans0.ltrans.o
                                                  build/obj/vectors.o (symbol from plugin)
                                                  /var/folders/7h/8jws_1jn39n3rjt_x7ymkxbm0000gn/T//ccucXJuZ.ltrans1.ltrans.o
Vector18C                                         /var/folders/7h/8jws_1jn39n3rjt_x7ymkxbm0000gn/T//ccucXJuZ.ltrans0.ltrans.o
                                                  build/obj/vectors.o (symbol from plugin)
                                                  /var/folders/7h/8jws_1jn39n3rjt_x7ymkxbm0000gn/T//ccucXJuZ.ltrans1.ltrans.o
Vector190                                         /var/folders/7h/8jws_1jn39n3rjt_x7ymkxbm0000gn/T//ccucXJuZ.ltrans0.ltrans.o
                                                  build/obj/vectors.o (symbol from plugin)
                                                  /var/folders/7h/8jws_1jn39n3rjt_x7ymkxbm0000gn/T//ccucXJuZ.ltrans1.ltrans.o
Vector194                                         /var/folders/7h/8jws_1jn39n3rjt_x7ymkxbm0000gn/T//ccucXJuZ.ltrans0.ltrans.o
                                                  build/obj/vectors.o (symbol from plugin)
                                                  /var/folders/7h/8jws_1jn39n3rjt_x7ymkxbm0000gn/T//ccucXJuZ.ltrans1.ltrans.o
Vector198                                         /var/folders/7h/8jws_1jn39n3rjt_x7ymkxbm0000gn/T//ccucXJuZ.ltrans0.ltrans.o
                                                  build/obj/vectors.o (symbol from plugin)
                                                  /var/folders/7h/8jws_1jn39n3rjt_x7ymkxbm0000gn/T//ccucXJuZ.ltrans1.ltrans.o
Vector19C                                         /var/folders/7h/8jws_1jn39n3rjt_x7ymkxbm0000gn/T//ccucXJuZ.ltrans0.ltrans.o
                                                  build/obj/vectors.o (symbol from plugin)
                                                  /var/folders/7h/8jws_1jn39n3rjt_x7ymkxbm0000gn/T//ccucXJuZ.ltrans1.ltrans.o
Vector1C                                          /var/folders/7h/8jws_1jn39n3rjt_x7ymkxbm0000gn/T//ccucXJuZ.ltrans0.ltrans.o
                                                  build/obj/vectors.o (symbol from plugin)
                                                  /var/folders/7h/8jws_1jn39n3rjt_x7ymkxbm0000gn/T//ccucXJuZ.ltrans1.ltrans.o
Vector20                                          /var/folders/7h/8jws_1jn39n3rjt_x7ymkxbm0000gn/T//ccucXJuZ.ltrans0.ltrans.o